Archive member included to satisfy reference by file (symbol)

c:/program files (x86)/gnu arm embedded toolchain/10 2021.10/bin/../lib/gcc/arm-none-eabi/10.3.1/../../../../arm-none-eabi/lib/thumb/v7e-m+fp/hard\libm.a(lib_a-s_fabs.o)
                              ./libs/cJSON/cJSON.o (fabs)
c:/program files (x86)/gnu arm embedded toolchain/10 2021.10/bin/../lib/gcc/arm-none-eabi/10.3.1/thumb/v7e-m+fp/hard\libgcc.a(_arm_muldf3.o)
                              ./src/HAL/LM35/LM35_Prog.o (__aeabi_dmul)
c:/program files (x86)/gnu arm embedded toolchain/10 2021.10/bin/../lib/gcc/arm-none-eabi/10.3.1/thumb/v7e-m+fp/hard\libgcc.a(_arm_addsubdf3.o)
                              ./libs/cJSON/cJSON.o (__aeabi_dsub)
c:/program files (x86)/gnu arm embedded toolchain/10 2021.10/bin/../lib/gcc/arm-none-eabi/10.3.1/thumb/v7e-m+fp/hard\libgcc.a(_arm_cmpdf2.o)
                              ./libs/cJSON/cJSON.o (__aeabi_dcmpeq)
c:/program files (x86)/gnu arm embedded toolchain/10 2021.10/bin/../lib/gcc/arm-none-eabi/10.3.1/thumb/v7e-m+fp/hard\libgcc.a(_arm_unorddf2.o)
                              ./libs/cJSON/cJSON.o (__aeabi_dcmpun)
c:/program files (x86)/gnu arm embedded toolchain/10 2021.10/bin/../lib/gcc/arm-none-eabi/10.3.1/thumb/v7e-m+fp/hard\libgcc.a(_arm_fixdfsi.o)
                              ./libs/cJSON/cJSON.o (__aeabi_d2iz)
c:/program files (x86)/gnu arm embedded toolchain/10 2021.10/bin/../lib/gcc/arm-none-eabi/10.3.1/thumb/v7e-m+fp/hard\libgcc.a(_arm_truncdfsf2.o)
                              ./src/HAL/LM35/LM35_Prog.o (__aeabi_d2f)
c:/program files (x86)/gnu arm embedded toolchain/10 2021.10/bin/../lib/gcc/arm-none-eabi/10.3.1/thumb/v7e-m+fp/hard\libgcc.a(_aeabi_uldivmod.o)
                              ./system/src/stm32f4-hal/stm32f4xx_hal_rcc.o (__aeabi_uldivmod)
c:/program files (x86)/gnu arm embedded toolchain/10 2021.10/bin/../lib/gcc/arm-none-eabi/10.3.1/thumb/v7e-m+fp/hard\libgcc.a(_udivmoddi4.o)
                              c:/program files (x86)/gnu arm embedded toolchain/10 2021.10/bin/../lib/gcc/arm-none-eabi/10.3.1/thumb/v7e-m+fp/hard\libgcc.a(_aeabi_uldivmod.o) (__udivmoddi4)
c:/program files (x86)/gnu arm embedded toolchain/10 2021.10/bin/../lib/gcc/arm-none-eabi/10.3.1/thumb/v7e-m+fp/hard\libgcc.a(_dvmd_tls.o)
                              c:/program files (x86)/gnu arm embedded toolchain/10 2021.10/bin/../lib/gcc/arm-none-eabi/10.3.1/thumb/v7e-m+fp/hard\libgcc.a(_aeabi_uldivmod.o) (__aeabi_ldiv0)
c:/program files (x86)/gnu arm embedded toolchain/10 2021.10/bin/../lib/gcc/arm-none-eabi/10.3.1/../../../../arm-none-eabi/lib/thumb/v7e-m+fp/hard\libg_nano.a(lib_a-ctype_.o)
                              ./libs/cJSON/cJSON.o (_ctype_)
c:/program files (x86)/gnu arm embedded toolchain/10 2021.10/bin/../lib/gcc/arm-none-eabi/10.3.1/../../../../arm-none-eabi/lib/thumb/v7e-m+fp/hard\libg_nano.a(lib_a-errno.o)
                              ./system/src/newlib/sbrk.o (__errno)
c:/program files (x86)/gnu arm embedded toolchain/10 2021.10/bin/../lib/gcc/arm-none-eabi/10.3.1/../../../../arm-none-eabi/lib/thumb/v7e-m+fp/hard\libg_nano.a(lib_a-impure.o)
                              c:/program files (x86)/gnu arm embedded toolchain/10 2021.10/bin/../lib/gcc/arm-none-eabi/10.3.1/../../../../arm-none-eabi/lib/thumb/v7e-m+fp/hard\libg_nano.a(lib_a-errno.o) (_impure_ptr)
c:/program files (x86)/gnu arm embedded toolchain/10 2021.10/bin/../lib/gcc/arm-none-eabi/10.3.1/../../../../arm-none-eabi/lib/thumb/v7e-m+fp/hard\libg_nano.a(lib_a-malloc.o)
                              ./libs/cJSON/cJSON.o (malloc)
c:/program files (x86)/gnu arm embedded toolchain/10 2021.10/bin/../lib/gcc/arm-none-eabi/10.3.1/../../../../arm-none-eabi/lib/thumb/v7e-m+fp/hard\libg_nano.a(lib_a-memcpy-stub.o)
                              ./libs/cJSON/cJSON.o (memcpy)
c:/program files (x86)/gnu arm embedded toolchain/10 2021.10/bin/../lib/gcc/arm-none-eabi/10.3.1/../../../../arm-none-eabi/lib/thumb/v7e-m+fp/hard\libg_nano.a(lib_a-memset.o)
                              ./libs/cJSON/cJSON.o (memset)
c:/program files (x86)/gnu arm embedded toolchain/10 2021.10/bin/../lib/gcc/arm-none-eabi/10.3.1/../../../../arm-none-eabi/lib/thumb/v7e-m+fp/hard\libg_nano.a(lib_a-nano-freer.o)
                              c:/program files (x86)/gnu arm embedded toolchain/10 2021.10/bin/../lib/gcc/arm-none-eabi/10.3.1/../../../../arm-none-eabi/lib/thumb/v7e-m+fp/hard\libg_nano.a(lib_a-malloc.o) (_free_r)
c:/program files (x86)/gnu arm embedded toolchain/10 2021.10/bin/../lib/gcc/arm-none-eabi/10.3.1/../../../../arm-none-eabi/lib/thumb/v7e-m+fp/hard\libg_nano.a(lib_a-nano-mallocr.o)
                              c:/program files (x86)/gnu arm embedded toolchain/10 2021.10/bin/../lib/gcc/arm-none-eabi/10.3.1/../../../../arm-none-eabi/lib/thumb/v7e-m+fp/hard\libg_nano.a(lib_a-malloc.o) (_malloc_r)
[...]
Memory Configuration

Name             Origin             Length             Attributes
RAM              0x20000000         0x00010000         xrw
CCMRAM           0x10000000         0x00000000         xrw
FLASH            0x08000000         0x00100000         xr
FLASHB1          0x00000000         0x00000000         xr
EXTMEMB0         0x00000000         0x00000000         xr
EXTMEMB1         0x00000000         0x00000000         xr
EXTMEMB2         0x00000000         0x00000000         xr
EXTMEMB3         0x00000000         0x00000000         xr
*default*        0x00000000         0xffffffff

Linker script and memory map

LOAD ./system/src/stm32f4-hal/stm32f4xx_hal.o
LOAD ./system/src/stm32f4-hal/stm32f4xx_hal_cortex.o
LOAD ./system/src/stm32f4-hal/stm32f4xx_hal_flash.o
LOAD ./system/src/stm32f4-hal/stm32f4xx_hal_flash_ex.o
LOAD ./system/src/stm32f4-hal/stm32f4xx_hal_flash_ramfunc.o
LOAD ./system/src/stm32f4-hal/stm32f4xx_hal_gpio.o
LOAD ./system/src/stm32f4-hal/stm32f4xx_hal_iwdg.o
LOAD ./system/src/stm32f4-hal/stm32f4xx_hal_pwr.o
LOAD ./system/src/stm32f4-hal/stm32f4xx_hal_rcc.o
LOAD ./system/src/stm32f4-hal/stm32f4xx_hal_uart.o
LOAD ./system/src/stm32f4-hal/stm32f4xx_hal_usart.o
LOAD ./system/src/stm32f4-hal/stm32f4xx_ll_usart.o
LOAD ./system/src/newlib/assert.o
LOAD ./system/src/newlib/cxx.o
LOAD ./system/src/newlib/exit.o
LOAD ./system/src/newlib/sbrk.o
LOAD ./system/src/newlib/startup.o
LOAD ./system/src/newlib/syscalls.o
LOAD ./system/src/diag/trace-impl.o
LOAD ./system/src/diag/trace.o
LOAD ./system/src/cortexm/exception-handlers.o
LOAD ./system/src/cortexm/initialize-hardware.o
LOAD ./system/src/cortexm/reset-hardware.o
LOAD ./system/src/cmsis/system_stm32f4xx.o
LOAD ./system/src/cmsis/vectors_stm32f401xc.o
LOAD ./src/MCAL/MUART/MUART_Prog.o
LOAD ./src/MCAL/MRCC/MRCC_Prog.o
LOAD ./src/MCAL/MGPIO/MGPIO_Prog.o
LOAD ./src/MCAL/MADC/MADC_Prog.o
LOAD ./src/LIB/Delay/Delay_Prog.o
LOAD ./src/HAL/RELAY/relay_prog.o
LOAD ./src/HAL/LM35/LM35_Prog.o
LOAD ./src/HAL/LIGHT_SENSOR/light_prog.o
LOAD ./src/initialize-hardware.o
LOAD ./src/main.o
LOAD ./src/stm32f4xx_hal_msp.o
LOAD ./src/write.o
LOAD ./libs/cJSON/cJSON.o
LOAD ./libs/cJSON/cJSON_Utils.o
LOAD ./FreeRTOS/Source/portable/MemMang/heap_4.o
LOAD ./FreeRTOS/Source/portable/GCC/ARM_CM4F/port.o
LOAD ./FreeRTOS/Source/croutine.o
LOAD ./FreeRTOS/Source/event_groups.o
LOAD ./FreeRTOS/Source/list.o
LOAD ./FreeRTOS/Source/queue.o
LOAD ./FreeRTOS/Source/stream_buffer.o
LOAD ./FreeRTOS/Source/tasks.o
LOAD ./FreeRTOS/Source/timers.o
LOAD c:/program files (x86)/gnu arm embedded toolchain/10 2021.10/bin/../lib/gcc/arm-none-eabi/10.3.1/../../../../arm-none-eabi/lib/thumb/v7e-m+fp/hard\libstdc++_nano.a
LOAD c:/program files (x86)/gnu arm embedded toolchain/10 2021.10/bin/../lib/gcc/arm-none-eabi/10.3.1/../../../../arm-none-eabi/lib/thumb/v7e-m+fp/hard\libm.a
START GROUP
LOAD c:/program files (x86)/gnu arm embedded toolchain/10 2021.10/bin/../lib/gcc/arm-none-eabi/10.3.1/thumb/v7e-m+fp/hard\libgcc.a
LOAD c:/program files (x86)/gnu arm embedded toolchain/10 2021.10/bin/../lib/gcc/arm-none-eabi/10.3.1/../../../../arm-none-eabi/lib/thumb/v7e-m+fp/hard\libg_nano.a
LOAD c:/program files (x86)/gnu arm embedded toolchain/10 2021.10/bin/../lib/gcc/arm-none-eabi/10.3.1/../../../../arm-none-eabi/lib/thumb/v7e-m+fp/hard\libc_nano.a
END GROUP
START GROUP
LOAD c:/program files (x86)/gnu arm embedded toolchain/10 2021.10/bin/../lib/gcc/arm-none-eabi/10.3.1/thumb/v7e-m+fp/hard\libgcc.a
LOAD c:/program files (x86)/gnu arm embedded toolchain/10 2021.10/bin/../lib/gcc/arm-none-eabi/10.3.1/../../../../arm-none-eabi/lib/thumb/v7e-m+fp/hard\libc_nano.a
END GROUP
                0x20010000                __stack = (ORIGIN (RAM) + LENGTH (RAM))
                0x20010000                _estack = __stack
                0x00000400                __Main_Stack_Size = 0x400
                [!provide]                PROVIDE (_Main_Stack_Size = __Main_Stack_Size)
                0x2000fc00                __Main_Stack_Limit = (__stack - __Main_Stack_Size)
                [!provide]                PROVIDE (_Main_Stack_Limit = __Main_Stack_Limit)
                0x00000100                _Minimum_Stack_Size = 0x100
                0x20002c70                PROVIDE (_Heap_Begin = _end_noinit)
                0x2000fc00                PROVIDE (_Heap_Limit = (__stack - __Main_Stack_Size))

.isr_vector     0x08000000      0x3f4
 FILL mask 0xff
                0x08000000                __vectors_start = ABSOLUTE (.)
                0x08000000                __vectors_start__ = ABSOLUTE (.)
 *(.isr_vector)
 .isr_vector    0x08000000      0x194 ./system/src/cmsis/vectors_stm32f401xc.o
                0x08000000                __isr_vectors
 *(.cfmconfig)
 *(.after_vectors .after_vectors.*)
 .after_vectors
                0x08000194      0x130 ./system/src/newlib/startup.o
                0x08000194                _start
 .after_vectors
                0x080002c4      0x12c ./system/src/cortexm/exception-handlers.o
                0x080002c4                Reset_Handler
                0x080002ca                NMI_Handler
                0x080002ce                HardFault_Handler
                0x080002e2                HardFault_Handler_C
                0x08000340                MemManage_Handler
                0x08000344                BusFault_Handler
                0x08000358                BusFault_Handler_C
                0x0800038c                UsageFault_Handler
                0x080003a0                UsageFault_Handler_C
                0x080003d8                DebugMon_Handler
 .after_vectors
                0x080003f0        0x4 ./system/src/cmsis/vectors_stm32f401xc.o
                0x080003f0                RTC_Alarm_IRQHandler
                0x080003f0                EXTI2_IRQHandler
                0x080003f0                SPI4_IRQHandler
                0x080003f0                TIM1_CC_IRQHandler
                0x080003f0                DMA2_Stream5_IRQHandler
                0x080003f0                DMA1_Stream5_IRQHandler
                0x080003f0                PVD_IRQHandler
                0x080003f0                SDIO_IRQHandler
                0x080003f0                TAMP_STAMP_IRQHandler
                0x080003f0                EXTI3_IRQHandler
                0x080003f0                TIM1_UP_TIM10_IRQHandler
                0x080003f0                I2C3_ER_IRQHandler
                0x080003f0                EXTI0_IRQHandler
                0x080003f0                I2C2_EV_IRQHandler
                0x080003f0                DMA1_Stream2_IRQHandler
                0x080003f0                FPU_IRQHandler
                0x080003f0                DMA2_Stream2_IRQHandler
                0x080003f0                SPI1_IRQHandler
                0x080003f0                TIM1_BRK_TIM9_IRQHandler
                0x080003f0                DMA2_Stream3_IRQHandler
                0x080003f0                USART6_IRQHandler
                0x080003f0                DMA2_Stream0_IRQHandler
                0x080003f0                TIM4_IRQHandler
                0x080003f0                I2C1_EV_IRQHandler
                0x080003f0                DMA1_Stream6_IRQHandler
                0x080003f0                DMA1_Stream1_IRQHandler
                0x080003f0                TIM3_IRQHandler
                0x080003f0                RCC_IRQHandler
                0x080003f0                Default_Handler
                0x080003f0                EXTI15_10_IRQHandler
                0x080003f0                ADC_IRQHandler
                0x080003f0                DMA1_Stream7_IRQHandler
                0x080003f0                TIM5_IRQHandler
                0x080003f0                DMA2_Stream7_IRQHandler
                0x080003f0                I2C3_EV_IRQHandler
                0x080003f0                EXTI9_5_IRQHandler
                0x080003f0                RTC_WKUP_IRQHandler
                0x080003f0                SPI2_IRQHandler
                0x080003f0                DMA1_Stream0_IRQHandler
                0x080003f0                EXTI4_IRQHandler
                0x080003f0                WWDG_IRQHandler
                0x080003f0                TIM2_IRQHandler
                0x080003f0                OTG_FS_WKUP_IRQHandler
                0x080003f0                TIM1_TRG_COM_TIM11_IRQHandler
                0x080003f0                EXTI1_IRQHandler
                0x080003f0                USART2_IRQHandler
                0x080003f0                I2C2_ER_IRQHandler
                0x080003f0                DMA2_Stream1_IRQHandler
                0x080003f0                FLASH_IRQHandler
                0x080003f0                DMA2_Stream4_IRQHandler
                0x080003f0                OTG_FS_IRQHandler
                0x080003f0                SPI3_IRQHandler
                0x080003f0                DMA1_Stream4_IRQHandler
                0x080003f0                I2C1_ER_IRQHandler
                0x080003f0                DMA2_Stream6_IRQHandler
                0x080003f0                DMA1_Stream3_IRQHandler

.inits          0x080003f4       0x28
                0x080003f4                __data_regions_array_start = .
                0x080003f4        0x4 LONG 0x80079a8 LOADADDR (.data)
                0x080003f8        0x4 LONG 0x20000000 ADDR (.data)
                0x080003fc        0x4 LONG 0x20000208 (ADDR (.data) + SIZEOF (.data))
                0x08000400        0x4 LONG 0x80079a8 LOADADDR (.data_CCMRAM)
                0x08000404        0x4 LONG 0x10000000 ADDR (.data_CCMRAM)
                0x08000408        0x4 LONG 0x10000000 (ADDR (.data_CCMRAM) + SIZEOF (.data_CCMRAM))
                0x0800040c                __data_regions_array_end = .
                0x0800040c                __bss_regions_array_start = .
                0x0800040c        0x4 LONG 0x20000208 ADDR (.bss)
                0x08000410        0x4 LONG 0x20002c70 (ADDR (.bss) + SIZEOF (.bss))
                0x08000414        0x4 LONG 0x10000000 ADDR (.bss_CCMRAM)
                0x08000418        0x4 LONG 0x10000000 (ADDR (.bss_CCMRAM) + SIZEOF (.bss_CCMRAM))
                0x0800041c                __bss_regions_array_end = .
 *(.init)
 *(.fini)
                0x0800041c                . = ALIGN (0x4)
                0x0800041c                PROVIDE (__preinit_array_start = .)
 *(.preinit_array_sysinit .preinit_array_sysinit.*)
 *(.preinit_array_platform .preinit_array_platform.*)
 *(.preinit_array .preinit_array.*)
                0x0800041c                PROVIDE (__preinit_array_end = .)
                0x0800041c                . = ALIGN (0x4)
                0x0800041c                PROVIDE (__init_array_start = .)
 *(SORT_BY_NAME(.init_array.*))
 *(.init_array)
                0x0800041c                PROVIDE (__init_array_end = .)
                0x0800041c                . = ALIGN (0x4)
                0x0800041c                PROVIDE (__fini_array_start = .)
 *(SORT_BY_NAME(.fini_array.*))
 *(.fini_array)
                0x0800041c                PROVIDE (__fini_array_end = .)

.flashtext
 *(.flashtext .flashtext.*)

.text           0x08000420     0x7580
 *(.text .text.*)
 .text.HAL_InitTick
                0x08000420       0x4c ./system/src/stm32f4-hal/stm32f4xx_hal.o
                0x08000420                HAL_InitTick
 .text.HAL_Init
                0x0800046c       0x34 ./system/src/stm32f4-hal/stm32f4xx_hal.o
                0x0800046c                HAL_Init
 .text.HAL_GetTick
                0x080004a0        0xc ./system/src/stm32f4-hal/stm32f4xx_hal.o
                0x080004a0                HAL_GetTick
 .text.HAL_NVIC_SetPriorityGrouping
                0x080004ac       0x3c ./system/src/stm32f4-hal/stm32f4xx_hal_cortex.o
                0x080004ac                HAL_NVIC_SetPriorityGrouping
 .text.HAL_NVIC_SetPriority
                0x080004e8       0x8c ./system/src/stm32f4-hal/stm32f4xx_hal_cortex.o
                0x080004e8                HAL_NVIC_SetPriority
 .text.HAL_SYSTICK_Config
                0x08000574       0x28 ./system/src/stm32f4-hal/stm32f4xx_hal_cortex.o
                0x08000574                HAL_SYSTICK_Config
 .text.HAL_SYSTICK_CLKSourceConfig
                0x0800059c       0x3c ./system/src/stm32f4-hal/stm32f4xx_hal_cortex.o
                0x0800059c                HAL_SYSTICK_CLKSourceConfig
 .text.HAL_RCC_OscConfig
                0x080005d8      0x4f0 ./system/src/stm32f4-hal/stm32f4xx_hal_rcc.o
                0x080005d8                HAL_RCC_OscConfig
 .text.HAL_RCC_GetSysClockFreq
                0x08000ac8       0xc8 ./system/src/stm32f4-hal/stm32f4xx_hal_rcc.o
                0x08000ac8                HAL_RCC_GetSysClockFreq
 .text.HAL_RCC_ClockConfig
                0x08000b90      0x21c ./system/src/stm32f4-hal/stm32f4xx_hal_rcc.o
                0x08000b90                HAL_RCC_ClockConfig
 .text.HAL_RCC_GetHCLKFreq
                0x08000dac        0xc ./system/src/stm32f4-hal/stm32f4xx_hal_rcc.o
                0x08000dac                HAL_RCC_GetHCLKFreq
 .text.__assert_func
                0x08000db8       0x38 ./system/src/newlib/assert.o
                0x08000db8                __assert_func
 .text._exit    0x08000df0        0x2 ./system/src/newlib/exit.o
                0x08000df0                _exit
 *fill*         0x08000df2        0x2 
 .text.abort    0x08000df4       0x14 ./system/src/newlib/exit.o
                0x08000df4                abort
 .text._sbrk    0x08000e08       0x44 ./system/src/newlib/sbrk.o
                0x08000e08                _sbrk
 .text.__initialize_args
                0x08000e4c       0x10 ./system/src/newlib/syscalls.o
                0x08000e4c                __initialize_args
 .text._trace_write_semihosting_debug
                0x08000e5c       0x62 ./system/src/diag/trace-impl.o
 .text.trace_write
                0x08000ebe        0x8 ./system/src/diag/trace-impl.o
                0x08000ebe                trace_write
 *fill*         0x08000ec6        0x2 
 .text.trace_printf
                0x08000ec8       0x34 ./system/src/diag/trace.o
                0x08000ec8                trace_printf
 .text.trace_puts
                0x08000efc       0x20 ./system/src/diag/trace.o
                0x08000efc                trace_puts
 .text.dumpExceptionStack
                0x08000f1c       0xf4 ./system/src/cortexm/exception-handlers.o
                0x08000f1c                dumpExceptionStack
 .text.isSemihosting
                0x08001010       0x20 ./system/src/cortexm/exception-handlers.o
                0x08001010                isSemihosting
 .text.__initialize_hardware_early
                0x08001030       0x24 ./system/src/cortexm/initialize-hardware.o
                0x08001030                __initialize_hardware_early
 .text.SystemInit
                0x08001054       0x1c ./system/src/cmsis/system_stm32f4xx.o
                0x08001054                SystemInit
 .text.SystemCoreClockUpdate
                0x08001070       0x9c ./system/src/cmsis/system_stm32f4xx.o
                0x08001070                SystemCoreClockUpdate
 .text.MUART_vInit
                0x0800110c       0x48 ./src/MCAL/MUART/MUART_Prog.o
                0x0800110c                MUART_vInit
 .text.MUART_vSendString
                0x08001154        0x2 ./src/MCAL/MUART/MUART_Prog.o
                0x08001154                MUART_vSendString
 *fill*         0x08001156        0x2 
 .text.MUART_vReceiveData
                0x08001158       0x18 ./src/MCAL/MUART/MUART_Prog.o
                0x08001158                MUART_vReceiveData
 .text.USART1_IRQHandler
                0x08001170       0x10 ./src/MCAL/MUART/MUART_Prog.o
                0x08001170                USART1_IRQHandler
 .text.MGPIO_vSetPinMode
                0x08001180       0x78 ./src/MCAL/MGPIO/MGPIO_Prog.o
                0x08001180                MGPIO_vSetPinMode
 .text.MGPIO_vWriteData
                0x080011f8       0x94 ./src/MCAL/MGPIO/MGPIO_Prog.o
                0x080011f8                MGPIO_vWriteData
 .text.MADC_Init
                0x0800128c       0x3c ./src/MCAL/MADC/MADC_Prog.o
                0x0800128c                MADC_Init
 .text.MADC_StartConv
                0x080012c8       0x34 ./src/MCAL/MADC/MADC_Prog.o
                0x080012c8                MADC_StartConv
 .text.MADC_ReadData
                0x080012fc       0x24 ./src/MCAL/MADC/MADC_Prog.o
                0x080012fc                MADC_ReadData
 .text.MADC_EnableChannel
                0x08001320       0x18 ./src/MCAL/MADC/MADC_Prog.o
                0x08001320                MADC_EnableChannel
 .text.MADC_DisableChannel
                0x08001338       0x18 ./src/MCAL/MADC/MADC_Prog.o
                0x08001338                MADC_DisableChannel
 .text.Relay_Init
                0x08001350        0xe ./src/HAL/RELAY/relay_prog.o
                0x08001350                Relay_Init
 .text.Relay_TurnOn
                0x0800135e        0xe ./src/HAL/RELAY/relay_prog.o
                0x0800135e                Relay_TurnOn
 .text.Relay_TurnOff
                0x0800136c        0xe ./src/HAL/RELAY/relay_prog.o
                0x0800136c                Relay_TurnOff
 .text.LM35_Init
                0x0800137a        0xc ./src/HAL/LM35/LM35_Prog.o
                0x0800137a                LM35_Init
 *fill*         0x08001386        0x2 
 .text.LM35_ReadTemperature
                0x08001388       0x4c ./src/HAL/LM35/LM35_Prog.o
                0x08001388                LM35_ReadTemperature
 .text.LM35_Enable
                0x080013d4       0x14 ./src/HAL/LM35/LM35_Prog.o
                0x080013d4                LM35_Enable
 .text.LM35_Disable
                0x080013e8       0x14 ./src/HAL/LM35/LM35_Prog.o
                0x080013e8                LM35_Disable
 .text.LightSensor_Init
                0x080013fc        0xc ./src/HAL/LIGHT_SENSOR/light_prog.o
                0x080013fc                LightSensor_Init
 .text.LightSensor_ReadIntensity
                0x08001408       0x4c ./src/HAL/LIGHT_SENSOR/light_prog.o
                0x08001408                LightSensor_ReadIntensity
 .text.LightSensor_Enable
                0x08001454       0x14 ./src/HAL/LIGHT_SENSOR/light_prog.o
                0x08001454                LightSensor_Enable
 .text.LightSensor_Disable
                0x08001468       0x14 ./src/HAL/LIGHT_SENSOR/light_prog.o
                0x08001468                LightSensor_Disable
 .text.SystemClock_Config
                0x0800147c       0x9c ./src/initialize-hardware.o
                0x0800147c                SystemClock_Config
 .text.__initialize_hardware
                0x08001518       0x10 ./src/initialize-hardware.o
                0x08001518                __initialize_hardware
 .text.assert_failed
                0x08001528       0x14 ./src/initialize-hardware.o
                0x08001528                assert_failed
 .text.Task_UARTReceive
                0x0800153c       0x48 ./src/main.o
                0x0800153c                Task_UARTReceive
 .text.main     0x08001584       0xc4 ./src/main.o
                0x08001584                main
 .text.Send_JSON_Message
                0x08001648       0x24 ./src/main.o
                0x08001648                Send_JSON_Message
 .text.Task_CommandHandler
                0x0800166c      0x190 ./src/main.o
                0x0800166c                Task_CommandHandler
 .text.Task_TemperatureRead
                0x080017fc       0x6c ./src/main.o
                0x080017fc                Task_TemperatureRead
 .text.Task_LightRead
                0x08001868       0x6c ./src/main.o
                0x08001868                Task_LightRead
 .text.Task_StatusUpdate
                0x080018d4       0x30 ./src/main.o
                0x080018d4                Task_StatusUpdate
 .text.HAL_MspInit
                0x08001904        0x2 ./src/stm32f4xx_hal_msp.o
                0x08001904                HAL_MspInit
 *fill*         0x08001906        0x2 
 .text.case_insensitive_strcmp
                0x08001908       0x60 ./libs/cJSON/cJSON.o
 .text.get_decimal_point
                0x08001968        0x4 ./libs/cJSON/cJSON.o
 .text.parse_hex4
                0x0800196c       0x4c ./libs/cJSON/cJSON.o
 .text.utf16_literal_to_utf8
                0x080019b8       0xec ./libs/cJSON/cJSON.o
 .text.parse_string
                0x08001aa4      0x15c ./libs/cJSON/cJSON.o
 .text.buffer_skip_whitespace
                0x08001c00       0x3e ./libs/cJSON/cJSON.o
 .text.cJSON_New_Item
                0x08001c3e       0x18 ./libs/cJSON/cJSON.o
 *fill*         0x08001c56        0x2 
 .text.skip_utf8_bom
                0x08001c58       0x3c ./libs/cJSON/cJSON.o
 *fill*         0x08001c94        0x4 
 .text.parse_number
                0x08001c98      0x16c ./libs/cJSON/cJSON.o
 .text.get_object_item
                0x08001e04       0x4a ./libs/cJSON/cJSON.o
 *fill*         0x08001e4e        0x2 
 .text.cJSON_Delete
                0x08001e50       0x5c ./libs/cJSON/cJSON.o
                0x08001e50                cJSON_Delete
 .text.parse_object
                0x08001eac      0x136 ./libs/cJSON/cJSON.o
 *fill*         0x08001fe2        0x2 
 .text.parse_value
                0x08001fe4      0x114 ./libs/cJSON/cJSON.o
 .text.parse_array
                0x080020f8       0xec ./libs/cJSON/cJSON.o
 .text.cJSON_ParseWithLengthOpts
                0x080021e4       0xcc ./libs/cJSON/cJSON.o
                0x080021e4                cJSON_ParseWithLengthOpts
 .text.cJSON_ParseWithOpts
                0x080022b0       0x1c ./libs/cJSON/cJSON.o
                0x080022b0                cJSON_ParseWithOpts
 .text.cJSON_Parse
                0x080022cc        0xc ./libs/cJSON/cJSON.o
                0x080022cc                cJSON_Parse
 .text.cJSON_GetObjectItemCaseSensitive
                0x080022d8        0xa ./libs/cJSON/cJSON.o
                0x080022d8                cJSON_GetObjectItemCaseSensitive
 .text.cJSON_IsNumber
                0x080022e2       0x12 ./libs/cJSON/cJSON.o
                0x080022e2                cJSON_IsNumber
 .text.cJSON_IsString
                0x080022f4       0x12 ./libs/cJSON/cJSON.o
                0x080022f4                cJSON_IsString
 *fill*         0x08002306        0x2 
 .text.prvHeapInit
                0x08002308       0x58 ./FreeRTOS/Source/portable/MemMang/heap_4.o
 .text.prvInsertBlockIntoFreeList
                0x08002360       0x64 ./FreeRTOS/Source/portable/MemMang/heap_4.o
 .text.pvPortMalloc
                0x080023c4       0xf8 ./FreeRTOS/Source/portable/MemMang/heap_4.o
                0x080023c4                pvPortMalloc
 .text.vPortFree
                0x080024bc       0x78 ./FreeRTOS/Source/portable/MemMang/heap_4.o
                0x080024bc                vPortFree
 .text.prvTaskExitError
                0x08002534       0x40 ./FreeRTOS/Source/portable/GCC/ARM_CM4F/port.o
 .text.prvPortStartFirstTask
                0x08002574       0x28 ./FreeRTOS/Source/portable/GCC/ARM_CM4F/port.o
 .text.vPortEnableVFP
                0x0800259c       0x14 ./FreeRTOS/Source/portable/GCC/ARM_CM4F/port.o
 .text.pxPortInitialiseStack
                0x080025b0       0x2c ./FreeRTOS/Source/portable/GCC/ARM_CM4F/port.o
                0x080025b0                pxPortInitialiseStack
 *fill*         0x080025dc        0x4 
 .text.SVC_Handler
                0x080025e0       0x24 ./FreeRTOS/Source/portable/GCC/ARM_CM4F/port.o
                0x080025e0                SVC_Handler
 .text.vPortEnterCritical
                0x08002604       0x44 ./FreeRTOS/Source/portable/GCC/ARM_CM4F/port.o
                0x08002604                vPortEnterCritical
 .text.vPortExitCritical
                0x08002648       0x2c ./FreeRTOS/Source/portable/GCC/ARM_CM4F/port.o
                0x08002648                vPortExitCritical
 *fill*         0x08002674        0xc 
 .text.PendSV_Handler
                0x08002680       0x64 ./FreeRTOS/Source/portable/GCC/ARM_CM4F/port.o
                0x08002680                PendSV_Handler
 .text.SysTick_Handler
                0x080026e4       0x2c ./FreeRTOS/Source/portable/GCC/ARM_CM4F/port.o
                0x080026e4                SysTick_Handler
 .text.vPortSetupTimerInterrupt
                0x08002710       0x28 ./FreeRTOS/Source/portable/GCC/ARM_CM4F/port.o
                0x08002710                vPortSetupTimerInterrupt
 .text.xPortStartScheduler
                0x08002738      0x118 ./FreeRTOS/Source/portable/GCC/ARM_CM4F/port.o
                0x08002738                xPortStartScheduler
 .text.vListInitialise
                0x08002850       0x16 ./FreeRTOS/Source/list.o
                0x08002850                vListInitialise
 .text.vListInitialiseItem
                0x08002866        0x6 ./FreeRTOS/Source/list.o
                0x08002866                vListInitialiseItem
 .text.vListInsert
                0x0800286c       0x32 ./FreeRTOS/Source/list.o
                0x0800286c                vListInsert
 .text.uxListRemove
                0x0800289e       0x26 ./FreeRTOS/Source/list.o
                0x0800289e                uxListRemove
 .text.prvIsQueueFull
                0x080028c4       0x1e ./FreeRTOS/Source/queue.o
 .text.prvIsQueueEmpty
                0x080028e2       0x1a ./FreeRTOS/Source/queue.o
 .text.prvCopyDataToQueue
                0x080028fc       0x76 ./FreeRTOS/Source/queue.o
 .text.prvCopyDataFromQueue
                0x08002972       0x24 ./FreeRTOS/Source/queue.o
 .text.prvUnlockQueue
                0x08002996       0x6e ./FreeRTOS/Source/queue.o
 .text.xQueueGenericReset
                0x08002a04       0xaa ./FreeRTOS/Source/queue.o
                0x08002a04                xQueueGenericReset
 .text.prvInitialiseNewQueue
                0x08002aae       0x22 ./FreeRTOS/Source/queue.o
 .text.xQueueGenericCreate
                0x08002ad0       0x56 ./FreeRTOS/Source/queue.o
                0x08002ad0                xQueueGenericCreate
 .text.xQueueGenericSend
                0x08002b26      0x188 ./FreeRTOS/Source/queue.o
                0x08002b26                xQueueGenericSend
 .text.xQueueReceive
                0x08002cae      0x15e ./FreeRTOS/Source/queue.o
                0x08002cae                xQueueReceive
 .text.vQueueAddToRegistry
                0x08002e0c       0x60 ./FreeRTOS/Source/queue.o
                0x08002e0c                vQueueAddToRegistry
 .text.vQueueWaitForMessageRestricted
                0x08002e6c       0x52 ./FreeRTOS/Source/queue.o
                0x08002e6c                vQueueWaitForMessageRestricted
 *fill*         0x08002ebe        0x2 
 .text.prvResetNextTaskUnblockTime
                0x08002ec0       0x28 ./FreeRTOS/Source/tasks.o
 .text.prvDeleteTCB
                0x08002ee8       0x12 ./FreeRTOS/Source/tasks.o
 .text.prvInitialiseNewTask
                0x08002efa       0x90 ./FreeRTOS/Source/tasks.o
 *fill*         0x08002f8a        0x2 
 .text.prvInitialiseTaskLists
                0x08002f8c       0x68 ./FreeRTOS/Source/tasks.o
 .text.prvAddNewTaskToReadyList
                0x08002ff4       0xc8 ./FreeRTOS/Source/tasks.o
 .text.prvCheckTasksWaitingTermination
                0x080030bc       0x4c ./FreeRTOS/Source/tasks.o
 .text.prvIdleTask
                0x08003108       0x28 ./FreeRTOS/Source/tasks.o
 .text.prvAddCurrentTaskToDelayedList
                0x08003130       0xb4 ./FreeRTOS/Source/tasks.o
 .text.xTaskCreate
                0x080031e4       0x6c ./FreeRTOS/Source/tasks.o
                0x080031e4                xTaskCreate
 .text.vTaskStartScheduler
                0x08003250       0x8c ./FreeRTOS/Source/tasks.o
                0x08003250                vTaskStartScheduler
 .text.vTaskSuspendAll
                0x080032dc       0x10 ./FreeRTOS/Source/tasks.o
                0x080032dc                vTaskSuspendAll
 .text.xTaskGetTickCount
                0x080032ec        0xc ./FreeRTOS/Source/tasks.o
                0x080032ec                xTaskGetTickCount
 .text.xTaskIncrementTick
                0x080032f8      0x178 ./FreeRTOS/Source/tasks.o
                0x080032f8                xTaskIncrementTick
 .text.xTaskResumeAll
                0x08003470      0x14c ./FreeRTOS/Source/tasks.o
                0x08003470                xTaskResumeAll
 .text.vTaskDelay
                0x080035bc       0x4c ./FreeRTOS/Source/tasks.o
                0x080035bc                vTaskDelay
 .text.vTaskSwitchContext
                0x08003608       0x98 ./FreeRTOS/Source/tasks.o
                0x08003608                vTaskSwitchContext
 .text.vTaskPlaceOnEventList
                0x080036a0       0x30 ./FreeRTOS/Source/tasks.o
                0x080036a0                vTaskPlaceOnEventList
 .text.vTaskPlaceOnEventListRestricted
                0x080036d0       0x54 ./FreeRTOS/Source/tasks.o
                0x080036d0                vTaskPlaceOnEventListRestricted
 .text.xTaskRemoveFromEventList
                0x08003724       0xf0 ./FreeRTOS/Source/tasks.o
                0x08003724                xTaskRemoveFromEventList
 .text.vTaskInternalSetTimeOutState
                0x08003814       0x18 ./FreeRTOS/Source/tasks.o
                0x08003814                vTaskInternalSetTimeOutState
 .text.xTaskCheckForTimeOut
                0x0800382c       0x88 ./FreeRTOS/Source/tasks.o
                0x0800382c                xTaskCheckForTimeOut
 .text.vTaskMissedYield
                0x080038b4        0xc ./FreeRTOS/Source/tasks.o
                0x080038b4                vTaskMissedYield
 .text.xTaskGetSchedulerState
                0x080038c0       0x20 ./FreeRTOS/Source/tasks.o
                0x080038c0                xTaskGetSchedulerState
 .text.xTaskPriorityDisinherit
                0x080038e0       0xc0 ./FreeRTOS/Source/tasks.o
                0x080038e0                xTaskPriorityDisinherit
 .text.prvGetNextExpireTime
                0x080039a0       0x20 ./FreeRTOS/Source/timers.o
 .text.prvInsertTimerInActiveList
                0x080039c0       0x48 ./FreeRTOS/Source/timers.o
 .text.prvReloadTimer
                0x08003a08       0x28 ./FreeRTOS/Source/timers.o
 .text.prvProcessExpiredTimer
                0x08003a30       0x40 ./FreeRTOS/Source/timers.o
 .text.prvSwitchTimerLists
                0x08003a70       0x30 ./FreeRTOS/Source/timers.o
 .text.prvSampleTimeNow
                0x08003aa0       0x2c ./FreeRTOS/Source/timers.o
 .text.prvProcessTimerOrBlockTask
                0x08003acc       0x74 ./FreeRTOS/Source/timers.o
 .text.prvProcessReceivedCommands
                0x08003b40       0xf0 ./FreeRTOS/Source/timers.o
 .text.prvTimerTask
                0x08003c30       0x16 ./FreeRTOS/Source/timers.o
 *fill*         0x08003c46        0x2 
 .text.prvCheckForValidListAndQueue
                0x08003c48       0x5c ./FreeRTOS/Source/timers.o
 .text.xTimerCreateTimerTask
                0x08003ca4       0x50 ./FreeRTOS/Source/timers.o
                0x08003ca4                xTimerCreateTimerTask
 .text          0x08003cf4      0x378 c:/program files (x86)/gnu arm embedded toolchain/10 2021.10/bin/../lib/gcc/arm-none-eabi/10.3.1/thumb/v7e-m+fp/hard\libgcc.a(_arm_addsubdf3.o)
                0x08003cf4                __aeabi_drsub
                0x08003cfc                __aeabi_dsub
                0x08003cfc                __subdf3
                0x08003d00                __aeabi_dadd
                0x08003d00                __adddf3
                0x08003f78                __floatunsidf
                0x08003f78                __aeabi_ui2d
                0x08003f98                __floatsidf
                0x08003f98                __aeabi_i2d
                0x08003fbc                __aeabi_f2d
                0x08003fbc                __extendsfdf2
                0x08004000                __floatundidf
                0x08004000                __aeabi_ul2d
                0x08004010                __floatdidf
                0x08004010                __aeabi_l2d
 .text          0x0800406c      0x110 c:/program files (x86)/gnu arm embedded toolchain/10 2021.10/bin/../lib/gcc/arm-none-eabi/10.3.1/thumb/v7e-m+fp/hard\libgcc.a(_arm_cmpdf2.o)
                0x0800406c                __gtdf2
                0x0800406c                __gedf2
                0x08004074                __ltdf2
                0x08004074                __ledf2
                0x0800407c                __nedf2
                0x0800407c                __eqdf2
                0x0800407c                __cmpdf2
                0x080040f8                __aeabi_cdrcmple
                0x08004108                __aeabi_cdcmpeq
                0x08004108                __aeabi_cdcmple
                0x08004118                __aeabi_dcmpeq
                0x0800412c                __aeabi_dcmplt
                0x08004140                __aeabi_dcmple
                0x08004154                __aeabi_dcmpge
                0x08004168                __aeabi_dcmpgt
 .text          0x0800417c       0x50 c:/program files (x86)/gnu arm embedded toolchain/10 2021.10/bin/../lib/gcc/arm-none-eabi/10.3.1/thumb/v7e-m+fp/hard\libgcc.a(_arm_fixdfsi.o)
                0x0800417c                __aeabi_d2iz
                0x0800417c                __fixdfsi
 .text          0x080041cc       0xa0 c:/program files (x86)/gnu arm embedded toolchain/10 2021.10/bin/../lib/gcc/arm-none-eabi/10.3.1/thumb/v7e-m+fp/hard\libgcc.a(_arm_truncdfsf2.o)
                0x080041cc                __truncdfsf2
                0x080041cc                __aeabi_d2f
 .text          0x0800426c       0x30 c:/program files (x86)/gnu arm embedded toolchain/10 2021.10/bin/../lib/gcc/arm-none-eabi/10.3.1/thumb/v7e-m+fp/hard\libgcc.a(_aeabi_uldivmod.o)
                0x0800426c                __aeabi_uldivmod
 .text          0x0800429c      0x2d0 c:/program files (x86)/gnu arm embedded toolchain/10 2021.10/bin/../lib/gcc/arm-none-eabi/10.3.1/thumb/v7e-m+fp/hard\libgcc.a(_udivmoddi4.o)
                0x0800429c                __udivmoddi4
 .text          0x0800456c        0x4 c:/program files (x86)/gnu arm embedded toolchain/10 2021.10/bin/../lib/gcc/arm-none-eabi/10.3.1/thumb/v7e-m+fp/hard\libgcc.a(_dvmd_tls.o)
                0x0800456c                __aeabi_idiv0
                0x0800456c                __aeabi_ldiv0
 .text.__errno  0x08004570        0xc c:/program files (x86)/gnu arm embedded toolchain/10 2021.10/bin/../lib/gcc/arm-none-eabi/10.3.1/../../../../arm-none-eabi/lib/thumb/v7e-m+fp/hard\libg_nano.a(lib_a-errno.o)
                0x08004570                __errno
 .text.malloc   0x0800457c       0x10 c:/program files (x86)/gnu arm embedded toolchain/10 2021.10/bin/../lib/gcc/arm-none-eabi/10.3.1/../../../../arm-none-eabi/lib/thumb/v7e-m+fp/hard\libg_nano.a(lib_a-malloc.o)
                0x0800457c                malloc
 .text.free     0x0800458c       0x10 c:/program files (x86)/gnu arm embedded toolchain/10 2021.10/bin/../lib/gcc/arm-none-eabi/10.3.1/../../../../arm-none-eabi/lib/thumb/v7e-m+fp/hard\libg_nano.a(lib_a-malloc.o)
                0x0800458c                free
 .text.memcpy   0x0800459c       0x1c c:/program files (x86)/gnu arm embedded toolchain/10 2021.10/bin/../lib/gcc/arm-none-eabi/10.3.1/../../../../arm-none-eabi/lib/thumb/v7e-m+fp/hard\libg_nano.a(lib_a-memcpy-stub.o)
                0x0800459c                memcpy
 .text.memset   0x080045b8       0x10 c:/program files (x86)/gnu arm embedded toolchain/10 2021.10/bin/../lib/gcc/arm-none-eabi/10.3.1/../../../../arm-none-eabi/lib/thumb/v7e-m+fp/hard\libg_nano.a(lib_a-memset.o)
                0x080045b8                memset
 .text._free_r  0x080045c8       0x98 c:/program files (x86)/gnu arm embedded toolchain/10 2021.10/bin/../lib/gcc/arm-none-eabi/10.3.1/../../../../arm-none-eabi/lib/thumb/v7e-m+fp/hard\libg_nano.a(lib_a-nano-freer.o)
                0x080045c8                _free_r
 .text.sbrk_aligned
                0x08004660       0x40 c:/program files (x86)/gnu arm embedded toolchain/10 2021.10/bin/../lib/gcc/arm-none-eabi/10.3.1/../../../../arm-none-eabi/lib/thumb/v7e-m+fp/hard\libg_nano.a(lib_a-nano-mallocr.o)
 .text._malloc_r
                0x080046a0       0xe8 c:/program files (x86)/gnu arm embedded toolchain/10 2021.10/bin/../lib/gcc/arm-none-eabi/10.3.1/../../../../arm-none-eabi/lib/thumb/v7e-m+fp/hard\libg_nano.a(lib_a-nano-mallocr.o)
                0x080046a0                _malloc_r
 .text.realloc  0x08004788       0x10 c:/program files (x86)/gnu arm embedded toolchain/10 2021.10/bin/../lib/gcc/arm-none-eabi/10.3.1/../../../../arm-none-eabi/lib/thumb/v7e-m+fp/hard\libg_nano.a(lib_a-realloc.o)
                0x08004788                realloc
 .text._sbrk_r  0x08004798       0x20 c:/program files (x86)/gnu arm embedded toolchain/10 2021.10/bin/../lib/gcc/arm-none-eabi/10.3.1/../../../../arm-none-eabi/lib/thumb/v7e-m+fp/hard\libg_nano.a(lib_a-sbrkr.o)
                0x08004798                _sbrk_r
 .text.sprintf  0x080047b8       0x40 c:/program files (x86)/gnu arm embedded toolchain/10 2021.10/bin/../lib/gcc/arm-none-eabi/10.3.1/../../../../arm-none-eabi/lib/thumb/v7e-m+fp/hard\libg_nano.a(lib_a-sprintf.o)
                0x080047b8                siprintf
                0x080047b8                sprintf
 .text          0x080047f8       0x14 c:/program files (x86)/gnu arm embedded toolchain/10 2021.10/bin/../lib/gcc/arm-none-eabi/10.3.1/../../../../arm-none-eabi/lib/thumb/v7e-m+fp/hard\libg_nano.a(lib_a-strcmp.o)
                0x080047f8                strcmp
 .text          0x0800480c       0x10 c:/program files (x86)/gnu arm embedded toolchain/10 2021.10/bin/../lib/gcc/arm-none-eabi/10.3.1/../../../../arm-none-eabi/lib/thumb/v7e-m+fp/hard\libg_nano.a(lib_a-strlen.o)
                0x0800480c                strlen
 .text.strncmp  0x0800481c       0x28 c:/program files (x86)/gnu arm embedded toolchain/10 2021.10/bin/../lib/gcc/arm-none-eabi/10.3.1/../../../../arm-none-eabi/lib/thumb/v7e-m+fp/hard\libg_nano.a(lib_a-strncmp.o)
                0x0800481c                strncmp
 .text.sulp     0x08004844       0x38 c:/program files (x86)/gnu arm embedded toolchain/10 2021.10/bin/../lib/gcc/arm-none-eabi/10.3.1/../../../../arm-none-eabi/lib/thumb/v7e-m+fp/hard\libg_nano.a(lib_a-strtod.o)
 *fill*         0x0800487c        0x4 
 .text._strtod_l
                0x08004880      0xc0c c:/program files (x86)/gnu arm embedded toolchain/10 2021.10/bin/../lib/gcc/arm-none-eabi/10.3.1/../../../../arm-none-eabi/lib/thumb/v7e-m+fp/hard\libg_nano.a(lib_a-strtod.o)
                0x08004880                _strtod_l
 .text.strtod   0x0800548c       0x18 c:/program files (x86)/gnu arm embedded toolchain/10 2021.10/bin/../lib/gcc/arm-none-eabi/10.3.1/../../../../arm-none-eabi/lib/thumb/v7e-m+fp/hard\libg_nano.a(lib_a-strtod.o)
                0x0800548c                strtod
 .text._vsnprintf_r
                0x080054a4       0x56 c:/program files (x86)/gnu arm embedded toolchain/10 2021.10/bin/../lib/gcc/arm-none-eabi/10.3.1/../../../../arm-none-eabi/lib/thumb/v7e-m+fp/hard\libg_nano.a(lib_a-vsnprintf.o)
                0x080054a4                _vsniprintf_r
                0x080054a4                _vsnprintf_r
 *fill*         0x080054fa        0x2 
 .text.vsnprintf
                0x080054fc       0x1c c:/program files (x86)/gnu arm embedded toolchain/10 2021.10/bin/../lib/gcc/arm-none-eabi/10.3.1/../../../../arm-none-eabi/lib/thumb/v7e-m+fp/hard\libg_nano.a(lib_a-vsnprintf.o)
                0x080054fc                vsniprintf
                0x080054fc                vsnprintf
 .text.rshift   0x08005518       0xa4 c:/program files (x86)/gnu arm embedded toolchain/10 2021.10/bin/../lib/gcc/arm-none-eabi/10.3.1/../../../../arm-none-eabi/lib/thumb/v7e-m+fp/hard\libg_nano.a(lib_a-gdtoa-gethex.o)
 .text.__hexdig_fun
                0x080055bc       0x2a c:/program files (x86)/gnu arm embedded toolchain/10 2021.10/bin/../lib/gcc/arm-none-eabi/10.3.1/../../../../arm-none-eabi/lib/thumb/v7e-m+fp/hard\libg_nano.a(lib_a-gdtoa-gethex.o)
                0x080055bc                __hexdig_fun
 *fill*         0x080055e6        0x2 
 .text.__gethex
                0x080055e8      0x48c c:/program files (x86)/gnu arm embedded toolchain/10 2021.10/bin/../lib/gcc/arm-none-eabi/10.3.1/../../../../arm-none-eabi/lib/thumb/v7e-m+fp/hard\libg_nano.a(lib_a-gdtoa-gethex.o)
                0x080055e8                __gethex
 .text.L_shift  0x08005a74       0x24 c:/program files (x86)/gnu arm embedded toolchain/10 2021.10/bin/../lib/gcc/arm-none-eabi/10.3.1/../../../../arm-none-eabi/lib/thumb/v7e-m+fp/hard\libg_nano.a(lib_a-gdtoa-hexnan.o)
 .text.__match  0x08005a98       0x28 c:/program files (x86)/gnu arm embedded toolchain/10 2021.10/bin/../lib/gcc/arm-none-eabi/10.3.1/../../../../arm-none-eabi/lib/thumb/v7e-m+fp/hard\libg_nano.a(lib_a-gdtoa-hexnan.o)
                0x08005a98                __match
 .text.__hexnan
                0x08005ac0      0x138 c:/program files (x86)/gnu arm embedded toolchain/10 2021.10/bin/../lib/gcc/arm-none-eabi/10.3.1/../../../../arm-none-eabi/lib/thumb/v7e-m+fp/hard\libg_nano.a(lib_a-gdtoa-hexnan.o)
                0x08005ac0                __hexnan
 .text.__ascii_mbtowc
                0x08005bf8       0x24 c:/program files (x86)/gnu arm embedded toolchain/10 2021.10/bin/../lib/gcc/arm-none-eabi/10.3.1/../../../../arm-none-eabi/lib/thumb/v7e-m+fp/hard\libg_nano.a(lib_a-mbtowc_r.o)
                0x08005bf8                __ascii_mbtowc
 .text.__malloc_lock
                0x08005c1c        0xc c:/program files (x86)/gnu arm embedded toolchain/10 2021.10/bin/../lib/gcc/arm-none-eabi/10.3.1/../../../../arm-none-eabi/lib/thumb/v7e-m+fp/hard\libg_nano.a(lib_a-mlock.o)
                0x08005c1c                __malloc_lock
 .text.__malloc_unlock
                0x08005c28        0xc c:/program files (x86)/gnu arm embedded toolchain/10 2021.10/bin/../lib/gcc/arm-none-eabi/10.3.1/../../../../arm-none-eabi/lib/thumb/v7e-m+fp/hard\libg_nano.a(lib_a-mlock.o)
                0x08005c28                __malloc_unlock
 .text._Balloc  0x08005c34       0x80 c:/program files (x86)/gnu arm embedded toolchain/10 2021.10/bin/../lib/gcc/arm-none-eabi/10.3.1/../../../../arm-none-eabi/lib/thumb/v7e-m+fp/hard\libg_nano.a(lib_a-mprec.o)
                0x08005c34                _Balloc
 .text._Bfree   0x08005cb4       0x44 c:/program files (x86)/gnu arm embedded toolchain/10 2021.10/bin/../lib/gcc/arm-none-eabi/10.3.1/../../../../arm-none-eabi/lib/thumb/v7e-m+fp/hard\libg_nano.a(lib_a-mprec.o)
                0x08005cb4                _Bfree
 .text.__multadd
                0x08005cf8       0x8c c:/program files (x86)/gnu arm embedded toolchain/10 2021.10/bin/../lib/gcc/arm-none-eabi/10.3.1/../../../../arm-none-eabi/lib/thumb/v7e-m+fp/hard\libg_nano.a(lib_a-mprec.o)
                0x08005cf8                __multadd
 .text.__s2b    0x08005d84       0x94 c:/program files (x86)/gnu arm embedded toolchain/10 2021.10/bin/../lib/gcc/arm-none-eabi/10.3.1/../../../../arm-none-eabi/lib/thumb/v7e-m+fp/hard\libg_nano.a(lib_a-mprec.o)
                0x08005d84                __s2b
 .text.__hi0bits
                0x08005e18       0x40 c:/program files (x86)/gnu arm embedded toolchain/10 2021.10/bin/../lib/gcc/arm-none-eabi/10.3.1/../../../../arm-none-eabi/lib/thumb/v7e-m+fp/hard\libg_nano.a(lib_a-mprec.o)
                0x08005e18                __hi0bits
 .text.__lo0bits
                0x08005e58       0x5e c:/program files (x86)/gnu arm embedded toolchain/10 2021.10/bin/../lib/gcc/arm-none-eabi/10.3.1/../../../../arm-none-eabi/lib/thumb/v7e-m+fp/hard\libg_nano.a(lib_a-mprec.o)
                0x08005e58                __lo0bits
 *fill*         0x08005eb6        0x2 
 .text.__i2b    0x08005eb8       0x2c c:/program files (x86)/gnu arm embedded toolchain/10 2021.10/bin/../lib/gcc/arm-none-eabi/10.3.1/../../../../arm-none-eabi/lib/thumb/v7e-m+fp/hard\libg_nano.a(lib_a-mprec.o)
                0x08005eb8                __i2b
 .text.__multiply
                0x08005ee4      0x154 c:/program files (x86)/gnu arm embedded toolchain/10 2021.10/bin/../lib/gcc/arm-none-eabi/10.3.1/../../../../arm-none-eabi/lib/thumb/v7e-m+fp/hard\libg_nano.a(lib_a-mprec.o)
                0x08005ee4                __multiply
 .text.__pow5mult
                0x08006038       0xb4 c:/program files (x86)/gnu arm embedded toolchain/10 2021.10/bin/../lib/gcc/arm-none-eabi/10.3.1/../../../../arm-none-eabi/lib/thumb/v7e-m+fp/hard\libg_nano.a(lib_a-mprec.o)
                0x08006038                __pow5mult
 .text.__lshift
                0x080060ec       0xe0 c:/program files (x86)/gnu arm embedded toolchain/10 2021.10/bin/../lib/gcc/arm-none-eabi/10.3.1/../../../../arm-none-eabi/lib/thumb/v7e-m+fp/hard\libg_nano.a(lib_a-mprec.o)
                0x080060ec                __lshift
 .text.__mcmp   0x080061cc       0x38 c:/program files (x86)/gnu arm embedded toolchain/10 2021.10/bin/../lib/gcc/arm-none-eabi/10.3.1/../../../../arm-none-eabi/lib/thumb/v7e-m+fp/hard\libg_nano.a(lib_a-mprec.o)
                0x080061cc                __mcmp
 .text.__mdiff  0x08006204      0x114 c:/program files (x86)/gnu arm embedded toolchain/10 2021.10/bin/../lib/gcc/arm-none-eabi/10.3.1/../../../../arm-none-eabi/lib/thumb/v7e-m+fp/hard\libg_nano.a(lib_a-mprec.o)
                0x08006204                __mdiff
 .text.__ulp    0x08006318       0x58 c:/program files (x86)/gnu arm embedded toolchain/10 2021.10/bin/../lib/gcc/arm-none-eabi/10.3.1/../../../../arm-none-eabi/lib/thumb/v7e-m+fp/hard\libg_nano.a(lib_a-mprec.o)
                0x08006318                __ulp
 .text.__b2d    0x08006370       0xa0 c:/program files (x86)/gnu arm embedded toolchain/10 2021.10/bin/../lib/gcc/arm-none-eabi/10.3.1/../../../../arm-none-eabi/lib/thumb/v7e-m+fp/hard\libg_nano.a(lib_a-mprec.o)
                0x08006370                __b2d
 .text.__d2b    0x08006410       0xb8 c:/program files (x86)/gnu arm embedded toolchain/10 2021.10/bin/../lib/gcc/arm-none-eabi/10.3.1/../../../../arm-none-eabi/lib/thumb/v7e-m+fp/hard\libg_nano.a(lib_a-mprec.o)
                0x08006410                __d2b
 .text.__ratio  0x080064c8       0x66 c:/program files (x86)/gnu arm embedded toolchain/10 2021.10/bin/../lib/gcc/arm-none-eabi/10.3.1/../../../../arm-none-eabi/lib/thumb/v7e-m+fp/hard\libg_nano.a(lib_a-mprec.o)
                0x080064c8                __ratio
 .text.__copybits
                0x0800652e       0x46 c:/program files (x86)/gnu arm embedded toolchain/10 2021.10/bin/../lib/gcc/arm-none-eabi/10.3.1/../../../../arm-none-eabi/lib/thumb/v7e-m+fp/hard\libg_nano.a(lib_a-mprec.o)
                0x0800652e                __copybits
 .text.__any_on
                0x08006574       0x42 c:/program files (x86)/gnu arm embedded toolchain/10 2021.10/bin/../lib/gcc/arm-none-eabi/10.3.1/../../../../arm-none-eabi/lib/thumb/v7e-m+fp/hard\libg_nano.a(lib_a-mprec.o)
                0x08006574                __any_on
 .text._calloc_r
                0x080065b6       0x2c c:/program files (x86)/gnu arm embedded toolchain/10 2021.10/bin/../lib/gcc/arm-none-eabi/10.3.1/../../../../arm-none-eabi/lib/thumb/v7e-m+fp/hard\libg_nano.a(lib_a-nano-callocr.o)
                0x080065b6                _calloc_r
 .text._realloc_r
                0x080065e2       0x5e c:/program files (x86)/gnu arm embedded toolchain/10 2021.10/bin/../lib/gcc/arm-none-eabi/10.3.1/../../../../arm-none-eabi/lib/thumb/v7e-m+fp/hard\libg_nano.a(lib_a-nano-reallocr.o)
                0x080065e2                _realloc_r
 .text.__ssputs_r
                0x08006640       0xb6 c:/program files (x86)/gnu arm embedded toolchain/10 2021.10/bin/../lib/gcc/arm-none-eabi/10.3.1/../../../../arm-none-eabi/lib/thumb/v7e-m+fp/hard\libg_nano.a(lib_a-nano-svfprintf.o)
                0x08006640                __ssputs_r
 *fill*         0x080066f6        0x2 
 .text._svfprintf_r
                0x080066f8      0x200 c:/program files (x86)/gnu arm embedded toolchain/10 2021.10/bin/../lib/gcc/arm-none-eabi/10.3.1/../../../../arm-none-eabi/lib/thumb/v7e-m+fp/hard\libg_nano.a(lib_a-nano-svfprintf.o)
                0x080066f8                _svfiprintf_r
                0x080066f8                _svfprintf_r
 .text._printf_common
                0x080068f8       0xda c:/program files (x86)/gnu arm embedded toolchain/10 2021.10/bin/../lib/gcc/arm-none-eabi/10.3.1/../../../../arm-none-eabi/lib/thumb/v7e-m+fp/hard\libg_nano.a(lib_a-nano-vfprintf_i.o)
                0x080068f8                _printf_common
 *fill*         0x080069d2        0x2 
 .text._printf_i
                0x080069d4      0x24c c:/program files (x86)/gnu arm embedded toolchain/10 2021.10/bin/../lib/gcc/arm-none-eabi/10.3.1/../../../../arm-none-eabi/lib/thumb/v7e-m+fp/hard\libg_nano.a(lib_a-nano-vfprintf_i.o)
                0x080069d4                _printf_i
 .text.nan      0x08006c20       0x10 c:/program files (x86)/gnu arm embedded toolchain/10 2021.10/bin/../lib/gcc/arm-none-eabi/10.3.1/../../../../arm-none-eabi/lib/thumb/v7e-m+fp/hard\libg_nano.a(lib_a-s_nan.o)
                0x08006c20                nan
 .text.__ascii_wctomb
                0x08006c30       0x1a c:/program files (x86)/gnu arm embedded toolchain/10 2021.10/bin/../lib/gcc/arm-none-eabi/10.3.1/../../../../arm-none-eabi/lib/thumb/v7e-m+fp/hard\libg_nano.a(lib_a-wctomb_r.o)
                0x08006c30                __ascii_wctomb
 .text.__retarget_lock_acquire_recursive
                0x08006c4a        0x2 c:/program files (x86)/gnu arm embedded toolchain/10 2021.10/bin/../lib/gcc/arm-none-eabi/10.3.1/../../../../arm-none-eabi/lib/thumb/v7e-m+fp/hard\libg_nano.a(lib_a-lock.o)
                0x08006c4a                __retarget_lock_acquire_recursive
 .text.__retarget_lock_release_recursive
                0x08006c4c        0x2 c:/program files (x86)/gnu arm embedded toolchain/10 2021.10/bin/../lib/gcc/arm-none-eabi/10.3.1/../../../../arm-none-eabi/lib/thumb/v7e-m+fp/hard\libg_nano.a(lib_a-lock.o)
                0x08006c4c                __retarget_lock_release_recursive
 *fill*         0x08006c4e        0x2 
 .text          0x08006c50       0xa0 c:/program files (x86)/gnu arm embedded toolchain/10 2021.10/bin/../lib/gcc/arm-none-eabi/10.3.1/../../../../arm-none-eabi/lib/thumb/v7e-m+fp/hard\libg_nano.a(lib_a-memchr.o)
                0x08006c50                memchr
 .text.memmove  0x08006cf0       0x34 c:/program files (x86)/gnu arm embedded toolchain/10 2021.10/bin/../lib/gcc/arm-none-eabi/10.3.1/../../../../arm-none-eabi/lib/thumb/v7e-m+fp/hard\libg_nano.a(lib_a-memmove.o)
                0x08006cf0                memmove
 .text._malloc_usable_size_r
                0x08006d24       0x10 c:/program files (x86)/gnu arm embedded toolchain/10 2021.10/bin/../lib/gcc/arm-none-eabi/10.3.1/../../../../arm-none-eabi/lib/thumb/v7e-m+fp/hard\libg_nano.a(lib_a-nano-msizer.o)
                0x08006d24                _malloc_usable_size_r
 .text          0x08006d34      0x424 c:/program files (x86)/gnu arm embedded toolchain/10 2021.10/bin/../lib/gcc/arm-none-eabi/10.3.1/thumb/v7e-m+fp/hard\libgcc.a(_arm_muldivdf3.o)
                0x08006d34                __aeabi_dmul
                0x08006d34                __muldf3
                0x08006f88                __divdf3
                0x08006f88                __aeabi_ddiv
 .text          0x08007158       0x40 c:/program files (x86)/gnu arm embedded toolchain/10 2021.10/bin/../lib/gcc/arm-none-eabi/10.3.1/thumb/v7e-m+fp/hard\libgcc.a(_arm_fixunsdfsi.o)
                0x08007158                __aeabi_d2uiz
                0x08007158                __fixunsdfsi
 .text          0x08007198       0x30 c:/program files (x86)/gnu arm embedded toolchain/10 2021.10/bin/../lib/gcc/arm-none-eabi/10.3.1/thumb/v7e-m+fp/hard\libgcc.a(_fixdfdi.o)
                0x08007198                __fixdfdi
                0x08007198                __aeabi_d2lz
 .text          0x080071c8       0x3c c:/program files (x86)/gnu arm embedded toolchain/10 2021.10/bin/../lib/gcc/arm-none-eabi/10.3.1/thumb/v7e-m+fp/hard\libgcc.a(_fixunsdfdi.o)
                0x080071c8                __fixunsdfdi
                0x080071c8                __aeabi_d2ulz
 *(.rodata .rodata.* .constdata .constdata.*)
 .rodata.HAL_NVIC_SetPriorityGrouping.str1.4
                0x08007204       0x31 ./system/src/stm32f4-hal/stm32f4xx_hal_cortex.o
 *fill*         0x08007235        0x3 
 .rodata.HAL_RCC_OscConfig.str1.4
                0x08007238       0x2e ./system/src/stm32f4-hal/stm32f4xx_hal_rcc.o
 *fill*         0x08007266        0x2 
 .rodata.__assert_func.str1.4
                0x08007268       0x3f ./system/src/newlib/assert.o
                                 0x43 (size before relaxing)
 *fill*         0x080072a7        0x1 
 .rodata.abort.str1.4
                0x080072a8       0x14 ./system/src/newlib/exit.o
 .rodata.trace_puts.str1.4
                0x080072bc       0x14 ./system/src/diag/trace.o
                                  0x2 (size before relaxing)
 .rodata.dumpExceptionStack.str1.4
                0x080072bc      0x11a ./system/src/cortexm/exception-handlers.o
 *fill*         0x080073d6        0x2 
 .rodata.str1.4
                0x080073d8       0x2a ./system/src/cortexm/exception-handlers.o
 *fill*         0x08007402        0x2 
 .rodata.AHBPrescTable
                0x08007404       0x10 ./system/src/cmsis/system_stm32f4xx.o
                0x08007404                AHBPrescTable
 .rodata.assert_failed.str1.4
                0x08007414       0x2d ./src/initialize-hardware.o
 *fill*         0x08007441        0x3 
 .rodata.main.str1.4
                0x08007444       0x45 ./src/main.o
 *fill*         0x08007489        0x3 
 .rodata.Send_JSON_Message.str1.4
                0x0800748c       0x2e ./src/main.o
 *fill*         0x080074ba        0x2 
 .rodata.Task_CommandHandler.str1.4
                0x080074bc       0x5b ./src/main.o
 *fill*         0x08007517        0x1 
 .rodata.Task_TemperatureRead.str1.4
                0x08007518        0x5 ./src/main.o
 *fill*         0x0800751d        0x3 
 .rodata.skip_utf8_bom.str1.4
                0x08007520        0x4 ./libs/cJSON/cJSON.o
 .rodata.print_number.str1.4
                0x08007524       0x1b ./libs/cJSON/cJSON.o
                                 0x1f (size before relaxing)
 *fill*         0x0800753f        0x1 
 .rodata.print_value.str1.4
                0x08007540        0xd ./libs/cJSON/cJSON.o
 *fill*         0x0800754d        0x3 
 .rodata.vTaskStartScheduler.str1.4
                0x08007550        0x5 ./FreeRTOS/Source/tasks.o
 *fill*         0x08007555        0x3 
 .rodata.prvCheckForValidListAndQueue.str1.4
                0x08007558        0x5 ./FreeRTOS/Source/timers.o
 *fill*         0x0800755d        0x3 
 .rodata.xTimerCreateTimerTask.str1.4
                0x08007560        0x8 ./FreeRTOS/Source/timers.o
 .rodata._ctype_
                0x08007568      0x101 c:/program files (x86)/gnu arm embedded toolchain/10 2021.10/bin/../lib/gcc/arm-none-eabi/10.3.1/../../../../arm-none-eabi/lib/thumb/v7e-m+fp/hard\libg_nano.a(lib_a-ctype_.o)
                0x08007568                _ctype_
 .rodata._strtod_l.str1.1
                0x08007669        0xc c:/program files (x86)/gnu arm embedded toolchain/10 2021.10/bin/../lib/gcc/arm-none-eabi/10.3.1/../../../../arm-none-eabi/lib/thumb/v7e-m+fp/hard\libg_nano.a(lib_a-strtod.o)
                                  0xd (size before relaxing)
 *fill*         0x08007675        0x3 
 .rodata.fpi.1  0x08007678       0x14 c:/program files (x86)/gnu arm embedded toolchain/10 2021.10/bin/../lib/gcc/arm-none-eabi/10.3.1/../../../../arm-none-eabi/lib/thumb/v7e-m+fp/hard\libg_nano.a(lib_a-strtod.o)
 .rodata.fpinan.0
                0x0800768c       0x14 c:/program files (x86)/gnu arm embedded toolchain/10 2021.10/bin/../lib/gcc/arm-none-eabi/10.3.1/../../../../arm-none-eabi/lib/thumb/v7e-m+fp/hard\libg_nano.a(lib_a-strtod.o)
 .rodata.tinytens
                0x080076a0       0x28 c:/program files (x86)/gnu arm embedded toolchain/10 2021.10/bin/../lib/gcc/arm-none-eabi/10.3.1/../../../../arm-none-eabi/lib/thumb/v7e-m+fp/hard\libg_nano.a(lib_a-strtod.o)
 .rodata.__gethex.str1.1
                0x080076c8       0x97 c:/program files (x86)/gnu arm embedded toolchain/10 2021.10/bin/../lib/gcc/arm-none-eabi/10.3.1/../../../../arm-none-eabi/lib/thumb/v7e-m+fp/hard\libg_nano.a(lib_a-gdtoa-gethex.o)
 .rodata.str1.1
                0x0800775f        0x2 c:/program files (x86)/gnu arm embedded toolchain/10 2021.10/bin/../lib/gcc/arm-none-eabi/10.3.1/../../../../arm-none-eabi/lib/thumb/v7e-m+fp/hard\libg_nano.a(lib_a-lnumeric.o)
                                  0x3 (size before relaxing)
 *fill*         0x08007761        0x3 
 .rodata._C_numeric_locale
                0x08007764        0xc c:/program files (x86)/gnu arm embedded toolchain/10 2021.10/bin/../lib/gcc/arm-none-eabi/10.3.1/../../../../arm-none-eabi/lib/thumb/v7e-m+fp/hard\libg_nano.a(lib_a-lnumeric.o)
                0x08007764                _C_numeric_locale
 .rodata._setlocale_r.str1.1
                0x08007770        0x8 c:/program files (x86)/gnu arm embedded toolchain/10 2021.10/bin/../lib/gcc/arm-none-eabi/10.3.1/../../../../arm-none-eabi/lib/thumb/v7e-m+fp/hard\libg_nano.a(lib_a-locale.o)
                                  0x9 (size before relaxing)
 .rodata.str1.1
                0x08007778        0x2 c:/program files (x86)/gnu arm embedded toolchain/10 2021.10/bin/../lib/gcc/arm-none-eabi/10.3.1/../../../../arm-none-eabi/lib/thumb/v7e-m+fp/hard\libg_nano.a(lib_a-locale.o)
 .rodata._Balloc.str1.1
                0x08007778       0x96 c:/program files (x86)/gnu arm embedded toolchain/10 2021.10/bin/../lib/gcc/arm-none-eabi/10.3.1/../../../../arm-none-eabi/lib/thumb/v7e-m+fp/hard\libg_nano.a(lib_a-mprec.o)
 .rodata.__multadd.str1.1
                0x0800780e       0x11 c:/program files (x86)/gnu arm embedded toolchain/10 2021.10/bin/../lib/gcc/arm-none-eabi/10.3.1/../../../../arm-none-eabi/lib/thumb/v7e-m+fp/hard\libg_nano.a(lib_a-mprec.o)
 *fill*         0x0800780e        0x2 
 .rodata.__mprec_bigtens
                0x08007810       0x28 c:/program files (x86)/gnu arm embedded toolchain/10 2021.10/bin/../lib/gcc/arm-none-eabi/10.3.1/../../../../arm-none-eabi/lib/thumb/v7e-m+fp/hard\libg_nano.a(lib_a-mprec.o)
                0x08007810                __mprec_bigtens
 .rodata.__mprec_tens
                0x08007838       0xc8 c:/program files (x86)/gnu arm embedded toolchain/10 2021.10/bin/../lib/gcc/arm-none-eabi/10.3.1/../../../../arm-none-eabi/lib/thumb/v7e-m+fp/hard\libg_nano.a(lib_a-mprec.o)
                0x08007838                __mprec_tens
 .rodata.p05.0  0x08007900        0xc c:/program files (x86)/gnu arm embedded toolchain/10 2021.10/bin/../lib/gcc/arm-none-eabi/10.3.1/../../../../arm-none-eabi/lib/thumb/v7e-m+fp/hard\libg_nano.a(lib_a-mprec.o)
 .rodata._svfprintf_r.str1.1
                0x0800790c       0x11 c:/program files (x86)/gnu arm embedded toolchain/10 2021.10/bin/../lib/gcc/arm-none-eabi/10.3.1/../../../../arm-none-eabi/lib/thumb/v7e-m+fp/hard\libg_nano.a(lib_a-nano-svfprintf.o)
 .rodata._printf_i.str1.1
                0x0800791d       0x22 c:/program files (x86)/gnu arm embedded toolchain/10 2021.10/bin/../lib/gcc/arm-none-eabi/10.3.1/../../../../arm-none-eabi/lib/thumb/v7e-m+fp/hard\libg_nano.a(lib_a-nano-vfprintf_i.o)
 *fill*         0x0800793f        0x1 
 .rodata.__sf_fake_stderr
                0x08007940       0x20 c:/program files (x86)/gnu arm embedded toolchain/10 2021.10/bin/../lib/gcc/arm-none-eabi/10.3.1/../../../../arm-none-eabi/lib/thumb/v7e-m+fp/hard\libg_nano.a(lib_a-findfp.o)
                0x08007940                __sf_fake_stderr
 .rodata.__sf_fake_stdin
                0x08007960       0x20 c:/program files (x86)/gnu arm embedded toolchain/10 2021.10/bin/../lib/gcc/arm-none-eabi/10.3.1/../../../../arm-none-eabi/lib/thumb/v7e-m+fp/hard\libg_nano.a(lib_a-findfp.o)
                0x08007960                __sf_fake_stdin
 .rodata.__sf_fake_stdout
                0x08007980       0x20 c:/program files (x86)/gnu arm embedded toolchain/10 2021.10/bin/../lib/gcc/arm-none-eabi/10.3.1/../../../../arm-none-eabi/lib/thumb/v7e-m+fp/hard\libg_nano.a(lib_a-findfp.o)
                0x08007980                __sf_fake_stdout
 *(vtable)
 *(.eh_frame*)
 *(.glue_7)
 .glue_7        0x080079a0        0x0 linker stubs
 *(.glue_7t)
 .glue_7t       0x080079a0        0x0 linker stubs

.vfp11_veneer   0x080079a0        0x0
 .vfp11_veneer  0x080079a0        0x0 linker stubs

.v4_bx          0x080079a0        0x0
 .v4_bx         0x080079a0        0x0 linker stubs

.iplt           0x080079a0        0x0
 .iplt          0x080079a0        0x0 ./system/src/stm32f4-hal/stm32f4xx_hal.o

.ARM.extab
 *(.ARM.extab* .gnu.linkonce.armextab.*)
                0x080079a0                . = ALIGN (0x4)
                0x080079a0                __exidx_start = .

.ARM.exidx      0x080079a0        0x8
 *(.ARM.exidx* .gnu.linkonce.armexidx.*)
 .ARM.exidx     0x080079a0        0x8 c:/program files (x86)/gnu arm embedded toolchain/10 2021.10/bin/../lib/gcc/arm-none-eabi/10.3.1/thumb/v7e-m+fp/hard\libgcc.a(_udivmoddi4.o)
                0x080079a8                __exidx_end = .

.rel.dyn        0x080079a8        0x0
 .rel.iplt      0x080079a8        0x0 ./system/src/stm32f4-hal/stm32f4xx_hal.o
                0x080079a8                . = ALIGN (0x4)
                0x080079a8                _etext = .
                0x080079a8                __etext = .

.data_CCMRAM    0x10000000        0x0 load address 0x080079a8
 FILL mask 0xff
 *(.data.CCMRAM .data.CCMRAM.*)
                0x10000000                . = ALIGN (0x4)
                0x080079a8                _sidata = LOADADDR (.data)

.data           0x20000000      0x208 load address 0x080079a8
 FILL mask 0xff
                0x20000000                _sdata = .
                0x20000000                __data_start__ = .
 *(.data_begin .data_begin.*)
 .data_begin    0x20000000        0x4 ./system/src/newlib/startup.o
 *(.data .data.*)
 .data.uwTickFreq
                0x20000004        0x1 ./system/src/stm32f4-hal/stm32f4xx_hal.o
                0x20000004                uwTickFreq
 *fill*         0x20000005        0x3 ff
 .data.uwTickPrio
                0x20000008        0x4 ./system/src/stm32f4-hal/stm32f4xx_hal.o
                0x20000008                uwTickPrio
 .data.argv.1   0x2000000c        0x8 ./system/src/newlib/syscalls.o
 .data.SystemCoreClock
                0x20000014        0x4 ./system/src/cmsis/system_stm32f4xx.o
                0x20000014                SystemCoreClock
 .data.EnabledChannels
                0x20000018        0x2 ./src/MCAL/MADC/MADC_Prog.o
 .data.duration_light
                0x2000001a        0x1 ./src/main.o
                0x2000001a                duration_light
 .data.duration_temp
                0x2000001b        0x1 ./src/main.o
                0x2000001b                duration_temp
 .data.global_hooks
                0x2000001c        0xc ./libs/cJSON/cJSON.o
 .data.uxCriticalNesting
                0x20000028        0x4 ./FreeRTOS/Source/portable/GCC/ARM_CM4F/port.o
 .data.uxTopUsedPriority
                0x2000002c        0x4 ./FreeRTOS/Source/tasks.o
                0x2000002c                uxTopUsedPriority
 .data._impure_ptr
                0x20000030        0x4 c:/program files (x86)/gnu arm embedded toolchain/10 2021.10/bin/../lib/gcc/arm-none-eabi/10.3.1/../../../../arm-none-eabi/lib/thumb/v7e-m+fp/hard\libg_nano.a(lib_a-impure.o)
                0x20000030                _impure_ptr
 .data.impure_data
                0x20000034       0x60 c:/program files (x86)/gnu arm embedded toolchain/10 2021.10/bin/../lib/gcc/arm-none-eabi/10.3.1/../../../../arm-none-eabi/lib/thumb/v7e-m+fp/hard\libg_nano.a(lib_a-impure.o)
 .data.numempty
                0x20000094        0x2 c:/program files (x86)/gnu arm embedded toolchain/10 2021.10/bin/../lib/gcc/arm-none-eabi/10.3.1/../../../../arm-none-eabi/lib/thumb/v7e-m+fp/hard\libg_nano.a(lib_a-lnumeric.o)
 *fill*         0x20000096        0x2 ff
 .data.__global_locale
                0x20000098      0x16c c:/program files (x86)/gnu arm embedded toolchain/10 2021.10/bin/../lib/gcc/arm-none-eabi/10.3.1/../../../../arm-none-eabi/lib/thumb/v7e-m+fp/hard\libg_nano.a(lib_a-locale.o)
                0x20000098                __global_locale
 *(.data_end .data_end.*)
 .data_end      0x20000204        0x4 ./system/src/newlib/startup.o
                0x20000208                . = ALIGN (0x4)
                0x20000208                _edata = .
                0x20000208                __data_end__ = .

.igot.plt       0x20000208        0x0 load address 0x08007bb0
 .igot.plt      0x20000208        0x0 ./system/src/stm32f4-hal/stm32f4xx_hal.o

.bss_CCMRAM     0x10000000        0x0
 *(.bss.CCMRAM .bss.CCMRAM.*)

.bss            0x20000208     0x2a68
                0x20000208                __bss_start__ = .
                0x20000208                _sbss = .
 *(.bss_begin .bss_begin.*)
 .bss_begin     0x20000208        0x4 ./system/src/newlib/startup.o
 *(.bss .bss.*)
 .bss.uwTick    0x2000020c        0x4 ./system/src/stm32f4-hal/stm32f4xx_hal.o
                0x2000020c                uwTick
 .bss.current_heap_end.0
                0x20000210        0x4 ./system/src/newlib/sbrk.o
 .bss.errno     0x20000214        0x4 ./system/src/newlib/syscalls.o
                0x20000214                errno
 .bss.name.0    0x20000218        0x1 ./system/src/newlib/syscalls.o
 *fill*         0x20000219        0x3 
 .bss.buf.0     0x2000021c       0x80 ./system/src/diag/trace.o
 .bss.Global_USART1_CallBack
                0x2000029c        0x4 ./src/MCAL/MUART/MUART_Prog.o
                0x2000029c                Global_USART1_CallBack
 .bss.LM35_IsEnabled
                0x200002a0        0x1 ./src/HAL/LM35/LM35_Prog.o
 .bss.LightSensor_IsEnabled
                0x200002a1        0x1 ./src/HAL/LIGHT_SENSOR/light_prog.o
 *fill*         0x200002a2        0x2 
 .bss.CommandQueue
                0x200002a4        0x4 ./src/main.o
                0x200002a4                CommandQueue
 .bss.light_intensity
                0x200002a8        0x4 ./src/main.o
                0x200002a8                light_intensity
 .bss.relay_state
                0x200002ac        0x1 ./src/main.o
                0x200002ac                relay_state
 *fill*         0x200002ad        0x3 
 .bss.temperature
                0x200002b0        0x4 ./src/main.o
                0x200002b0                temperature
 .bss.global_error
                0x200002b4        0x8 ./libs/cJSON/cJSON.o
 .bss.pxEnd     0x200002bc        0x4 ./FreeRTOS/Source/portable/MemMang/heap_4.o
 .bss.ucHeap    0x200002c0     0x2800 ./FreeRTOS/Source/portable/MemMang/heap_4.o
 .bss.xFreeBytesRemaining
                0x20002ac0        0x4 ./FreeRTOS/Source/portable/MemMang/heap_4.o
 .bss.xMinimumEverFreeBytesRemaining
                0x20002ac4        0x4 ./FreeRTOS/Source/portable/MemMang/heap_4.o
 .bss.xNumberOfSuccessfulAllocations
                0x20002ac8        0x4 ./FreeRTOS/Source/portable/MemMang/heap_4.o
 .bss.xNumberOfSuccessfulFrees
                0x20002acc        0x4 ./FreeRTOS/Source/portable/MemMang/heap_4.o
 .bss.xStart    0x20002ad0        0x8 ./FreeRTOS/Source/portable/MemMang/heap_4.o
 .bss.ucMaxSysCallPriority
                0x20002ad8        0x1 ./FreeRTOS/Source/portable/GCC/ARM_CM4F/port.o
 *fill*         0x20002ad9        0x3 
 .bss.ulMaxPRIGROUPValue
                0x20002adc        0x4 ./FreeRTOS/Source/portable/GCC/ARM_CM4F/port.o
 .bss.xQueueRegistry
                0x20002ae0       0x40 ./FreeRTOS/Source/queue.o
                0x20002ae0                xQueueRegistry
 .bss.pxCurrentTCB
                0x20002b20        0x4 ./FreeRTOS/Source/tasks.o
                0x20002b20                pxCurrentTCB
 .bss.pxDelayedTaskList
                0x20002b24        0x4 ./FreeRTOS/Source/tasks.o
 .bss.pxOverflowDelayedTaskList
                0x20002b28        0x4 ./FreeRTOS/Source/tasks.o
 .bss.pxReadyTasksLists
                0x20002b2c       0x64 ./FreeRTOS/Source/tasks.o
 .bss.uxCurrentNumberOfTasks
                0x20002b90        0x4 ./FreeRTOS/Source/tasks.o
 .bss.uxDeletedTasksWaitingCleanUp
                0x20002b94        0x4 ./FreeRTOS/Source/tasks.o
 .bss.uxSchedulerSuspended
                0x20002b98        0x4 ./FreeRTOS/Source/tasks.o
 .bss.uxTaskNumber
                0x20002b9c        0x4 ./FreeRTOS/Source/tasks.o
 .bss.uxTopReadyPriority
                0x20002ba0        0x4 ./FreeRTOS/Source/tasks.o
 .bss.xDelayedTaskList1
                0x20002ba4       0x14 ./FreeRTOS/Source/tasks.o
 .bss.xDelayedTaskList2
                0x20002bb8       0x14 ./FreeRTOS/Source/tasks.o
 .bss.xIdleTaskHandle
                0x20002bcc        0x4 ./FreeRTOS/Source/tasks.o
 .bss.xNextTaskUnblockTime
                0x20002bd0        0x4 ./FreeRTOS/Source/tasks.o
 .bss.xNumOfOverflows
                0x20002bd4        0x4 ./FreeRTOS/Source/tasks.o
 .bss.xPendedTicks
                0x20002bd8        0x4 ./FreeRTOS/Source/tasks.o
 .bss.xPendingReadyList
                0x20002bdc       0x14 ./FreeRTOS/Source/tasks.o
 .bss.xSchedulerRunning
                0x20002bf0        0x4 ./FreeRTOS/Source/tasks.o
 .bss.xSuspendedTaskList
                0x20002bf4       0x14 ./FreeRTOS/Source/tasks.o
 .bss.xTasksWaitingTermination
                0x20002c08       0x14 ./FreeRTOS/Source/tasks.o
 .bss.xTickCount
                0x20002c1c        0x4 ./FreeRTOS/Source/tasks.o
 .bss.xYieldPending
                0x20002c20        0x4 ./FreeRTOS/Source/tasks.o
 .bss.pxCurrentTimerList
                0x20002c24        0x4 ./FreeRTOS/Source/timers.o
 .bss.pxOverflowTimerList
                0x20002c28        0x4 ./FreeRTOS/Source/timers.o
 .bss.xActiveTimerList1
                0x20002c2c       0x14 ./FreeRTOS/Source/timers.o
 .bss.xActiveTimerList2
                0x20002c40       0x14 ./FreeRTOS/Source/timers.o
 .bss.xLastTime.0
                0x20002c54        0x4 ./FreeRTOS/Source/timers.o
 .bss.xTimerQueue
                0x20002c58        0x4 ./FreeRTOS/Source/timers.o
 .bss.xTimerTaskHandle
                0x20002c5c        0x4 ./FreeRTOS/Source/timers.o
 .bss.__malloc_free_list
                0x20002c60        0x4 c:/program files (x86)/gnu arm embedded toolchain/10 2021.10/bin/../lib/gcc/arm-none-eabi/10.3.1/../../../../arm-none-eabi/lib/thumb/v7e-m+fp/hard\libg_nano.a(lib_a-nano-mallocr.o)
                0x20002c60                __malloc_free_list
 .bss.__malloc_sbrk_start
                0x20002c64        0x4 c:/program files (x86)/gnu arm embedded toolchain/10 2021.10/bin/../lib/gcc/arm-none-eabi/10.3.1/../../../../arm-none-eabi/lib/thumb/v7e-m+fp/hard\libg_nano.a(lib_a-nano-mallocr.o)
                0x20002c64                __malloc_sbrk_start
 .bss.__lock___malloc_recursive_mutex
                0x20002c68        0x1 c:/program files (x86)/gnu arm embedded toolchain/10 2021.10/bin/../lib/gcc/arm-none-eabi/10.3.1/../../../../arm-none-eabi/lib/thumb/v7e-m+fp/hard\libg_nano.a(lib_a-lock.o)
                0x20002c68                __lock___malloc_recursive_mutex
 *(COMMON)
 *(.bss_end .bss_end.*)
 *fill*         0x20002c69        0x3 
 .bss_end       0x20002c6c        0x4 ./system/src/newlib/startup.o
                0x20002c70                . = ALIGN (0x4)
                0x20002c70                __bss_end__ = .
                0x20002c70                _ebss = .

.noinit_CCMRAM
 *(.noinit.CCMRAM .noinit.CCMRAM.*)

.noinit         0x20002c70        0x0
                0x20002c70                _noinit = .
 *(.noinit .noinit.*)
                0x20002c70                . = ALIGN (0x4)
                0x20002c70                _end_noinit = .
                [!provide]                PROVIDE (end = _end_noinit)
                [!provide]                PROVIDE (_end = _end_noinit)
                [!provide]                PROVIDE (__end = _end_noinit)
                [!provide]                PROVIDE (__end__ = _end_noinit)

._check_stack   0x20002c70      0x100
                0x20002d70                . = (. + _Minimum_Stack_Size)
 *fill*         0x20002c70      0x100 

.b1text
 *(.b1text)
 *(.b1rodata)
 *(.b1rodata.*)

.eb0text
 *(.eb0text)
 *(.eb0rodata)
 *(.eb0rodata.*)

.eb1text
 *(.eb1text)
 *(.eb1rodata)
 *(.eb1rodata.*)

.eb2text
 *(.eb2text)
 *(.eb2rodata)
 *(.eb2rodata.*)

.eb3text
 *(.eb3text)
 *(.eb3rodata)
 *(.eb3rodata.*)

.stab
 *(.stab)

.stabstr
 *(.stabstr)

.stab.excl
 *(.stab.excl)

.stab.exclstr
 *(.stab.exclstr)

.stab.index
 *(.stab.index)

.stab.indexstr
 *(.stab.indexstr)

.comment        0x00000000       0x49
 *(.comment)
 .comment       0x00000000       0x49 ./system/src/stm32f4-hal/stm32f4xx_hal.o
                                 0x4a (size before relaxing)
 .comment       0x00000049       0x4a ./system/src/stm32f4-hal/stm32f4xx_hal_cortex.o
 .comment       0x00000049       0x4a ./system/src/stm32f4-hal/stm32f4xx_hal_rcc.o
 .comment       0x00000049       0x4a ./system/src/newlib/assert.o
 .comment       0x00000049       0x4a ./system/src/newlib/exit.o
 .comment       0x00000049       0x4a ./system/src/newlib/sbrk.o
 .comment       0x00000049       0x4a ./system/src/newlib/startup.o
 .comment       0x00000049       0x4a ./system/src/newlib/syscalls.o
 .comment       0x00000049       0x4a ./system/src/diag/trace-impl.o
 .comment       0x00000049       0x4a ./system/src/diag/trace.o
 .comment       0x00000049       0x4a ./system/src/cortexm/exception-handlers.o
 .comment       0x00000049       0x4a ./system/src/cortexm/initialize-hardware.o
 .comment       0x00000049       0x4a ./system/src/cmsis/system_stm32f4xx.o
 .comment       0x00000049       0x4a ./system/src/cmsis/vectors_stm32f401xc.o
 .comment       0x00000049       0x4a ./src/MCAL/MUART/MUART_Prog.o
 .comment       0x00000049       0x4a ./src/MCAL/MGPIO/MGPIO_Prog.o
 .comment       0x00000049       0x4a ./src/MCAL/MADC/MADC_Prog.o
 .comment       0x00000049       0x4a ./src/HAL/RELAY/relay_prog.o
 .comment       0x00000049       0x4a ./src/HAL/LM35/LM35_Prog.o
 .comment       0x00000049       0x4a ./src/HAL/LIGHT_SENSOR/light_prog.o
 .comment       0x00000049       0x4a ./src/initialize-hardware.o
 .comment       0x00000049       0x4a ./src/main.o
 .comment       0x00000049       0x4a ./src/stm32f4xx_hal_msp.o
 .comment       0x00000049       0x4a ./libs/cJSON/cJSON.o
 .comment       0x00000049       0x4a ./FreeRTOS/Source/portable/MemMang/heap_4.o
 .comment       0x00000049       0x4a ./FreeRTOS/Source/portable/GCC/ARM_CM4F/port.o
 .comment       0x00000049       0x4a ./FreeRTOS/Source/list.o
 .comment       0x00000049       0x4a ./FreeRTOS/Source/queue.o
 .comment       0x00000049       0x4a ./FreeRTOS/Source/tasks.o
 .comment       0x00000049       0x4a ./FreeRTOS/Source/timers.o

.ARM.attributes
                0x00000000       0x32
 .ARM.attributes
                0x00000000       0x34 ./system/src/stm32f4-hal/stm32f4xx_hal.o
 .ARM.attributes
                0x00000034       0x34 ./system/src/stm32f4-hal/stm32f4xx_hal_cortex.o
 .ARM.attributes
                0x00000068       0x34 ./system/src/stm32f4-hal/stm32f4xx_hal_rcc.o
 .ARM.attributes
                0x0000009c       0x34 ./system/src/newlib/assert.o
 .ARM.attributes
                0x000000d0       0x34 ./system/src/newlib/exit.o
 .ARM.attributes
                0x00000104       0x34 ./system/src/newlib/sbrk.o
 .ARM.attributes
                0x00000138       0x34 ./system/src/newlib/startup.o
 .ARM.attributes
                0x0000016c       0x34 ./system/src/newlib/syscalls.o
 .ARM.attributes
                0x000001a0       0x34 ./system/src/diag/trace-impl.o
 .ARM.attributes
                0x000001d4       0x34 ./system/src/diag/trace.o
 .ARM.attributes
                0x00000208       0x34 ./system/src/cortexm/exception-handlers.o
 .ARM.attributes
                0x0000023c       0x34 ./system/src/cortexm/initialize-hardware.o
 .ARM.attributes
                0x00000270       0x34 ./system/src/cmsis/system_stm32f4xx.o
 .ARM.attributes
                0x000002a4       0x34 ./system/src/cmsis/vectors_stm32f401xc.o
 .ARM.attributes
                0x000002d8       0x34 ./src/MCAL/MUART/MUART_Prog.o
 .ARM.attributes
                0x0000030c       0x34 ./src/MCAL/MGPIO/MGPIO_Prog.o
 .ARM.attributes
                0x00000340       0x34 ./src/MCAL/MADC/MADC_Prog.o
 .ARM.attributes
                0x00000374       0x34 ./src/HAL/RELAY/relay_prog.o
 .ARM.attributes
                0x000003a8       0x34 ./src/HAL/LM35/LM35_Prog.o
 .ARM.attributes
                0x000003dc       0x34 ./src/HAL/LIGHT_SENSOR/light_prog.o
 .ARM.attributes
                0x00000410       0x34 ./src/initialize-hardware.o
 .ARM.attributes
                0x00000444       0x34 ./src/main.o
 .ARM.attributes
                0x00000478       0x34 ./src/stm32f4xx_hal_msp.o
 .ARM.attributes
                0x000004ac       0x34 ./libs/cJSON/cJSON.o
 .ARM.attributes
                0x000004e0       0x34 ./FreeRTOS/Source/portable/MemMang/heap_4.o
 .ARM.attributes
                0x00000514       0x34 ./FreeRTOS/Source/portable/GCC/ARM_CM4F/port.o
 .ARM.attributes
                0x00000548       0x34 ./FreeRTOS/Source/list.o
 .ARM.attributes
                0x0000057c       0x34 ./FreeRTOS/Source/queue.o
 .ARM.attributes
                0x000005b0       0x34 ./FreeRTOS/Source/tasks.o
 .ARM.attributes
                0x000005e4       0x34 ./FreeRTOS/Source/timers.o
 .ARM.attributes
                0x00000618       0x1e c:/program files (x86)/gnu arm embedded toolchain/10 2021.10/bin/../lib/gcc/arm-none-eabi/10.3.1/thumb/v7e-m+fp/hard\libgcc.a(_arm_addsubdf3.o)
 .ARM.attributes
                0x00000636       0x1e c:/program files (x86)/gnu arm embedded toolchain/10 2021.10/bin/../lib/gcc/arm-none-eabi/10.3.1/thumb/v7e-m+fp/hard\libgcc.a(_arm_cmpdf2.o)
 .ARM.attributes
                0x00000654       0x1e c:/program files (x86)/gnu arm embedded toolchain/10 2021.10/bin/../lib/gcc/arm-none-eabi/10.3.1/thumb/v7e-m+fp/hard\libgcc.a(_arm_fixdfsi.o)
 .ARM.attributes
                0x00000672       0x1e c:/program files (x86)/gnu arm embedded toolchain/10 2021.10/bin/../lib/gcc/arm-none-eabi/10.3.1/thumb/v7e-m+fp/hard\libgcc.a(_arm_truncdfsf2.o)
 .ARM.attributes
                0x00000690       0x1e c:/program files (x86)/gnu arm embedded toolchain/10 2021.10/bin/../lib/gcc/arm-none-eabi/10.3.1/thumb/v7e-m+fp/hard\libgcc.a(_aeabi_uldivmod.o)
 .ARM.attributes
                0x000006ae       0x34 c:/program files (x86)/gnu arm embedded toolchain/10 2021.10/bin/../lib/gcc/arm-none-eabi/10.3.1/thumb/v7e-m+fp/hard\libgcc.a(_udivmoddi4.o)
 .ARM.attributes
                0x000006e2       0x1e c:/program files (x86)/gnu arm embedded toolchain/10 2021.10/bin/../lib/gcc/arm-none-eabi/10.3.1/thumb/v7e-m+fp/hard\libgcc.a(_dvmd_tls.o)
 .ARM.attributes
                0x00000700       0x34 c:/program files (x86)/gnu arm embedded toolchain/10 2021.10/bin/../lib/gcc/arm-none-eabi/10.3.1/../../../../arm-none-eabi/lib/thumb/v7e-m+fp/hard\libg_nano.a(lib_a-ctype_.o)
 .ARM.attributes
                0x00000734       0x34 c:/program files (x86)/gnu arm embedded toolchain/10 2021.10/bin/../lib/gcc/arm-none-eabi/10.3.1/../../../../arm-none-eabi/lib/thumb/v7e-m+fp/hard\libg_nano.a(lib_a-errno.o)
 .ARM.attributes
                0x00000768       0x34 c:/program files (x86)/gnu arm embedded toolchain/10 2021.10/bin/../lib/gcc/arm-none-eabi/10.3.1/../../../../arm-none-eabi/lib/thumb/v7e-m+fp/hard\libg_nano.a(lib_a-impure.o)
 .ARM.attributes
                0x0000079c       0x34 c:/program files (x86)/gnu arm embedded toolchain/10 2021.10/bin/../lib/gcc/arm-none-eabi/10.3.1/../../../../arm-none-eabi/lib/thumb/v7e-m+fp/hard\libg_nano.a(lib_a-malloc.o)
 .ARM.attributes
                0x000007d0       0x34 c:/program files (x86)/gnu arm embedded toolchain/10 2021.10/bin/../lib/gcc/arm-none-eabi/10.3.1/../../../../arm-none-eabi/lib/thumb/v7e-m+fp/hard\libg_nano.a(lib_a-memcpy-stub.o)
 .ARM.attributes
                0x00000804       0x34 c:/program files (x86)/gnu arm embedded toolchain/10 2021.10/bin/../lib/gcc/arm-none-eabi/10.3.1/../../../../arm-none-eabi/lib/thumb/v7e-m+fp/hard\libg_nano.a(lib_a-memset.o)
 .ARM.attributes
                0x00000838       0x34 c:/program files (x86)/gnu arm embedded toolchain/10 2021.10/bin/../lib/gcc/arm-none-eabi/10.3.1/../../../../arm-none-eabi/lib/thumb/v7e-m+fp/hard\libg_nano.a(lib_a-nano-freer.o)
 .ARM.attributes
                0x0000086c       0x34 c:/program files (x86)/gnu arm embedded toolchain/10 2021.10/bin/../lib/gcc/arm-none-eabi/10.3.1/../../../../arm-none-eabi/lib/thumb/v7e-m+fp/hard\libg_nano.a(lib_a-nano-mallocr.o)
 .ARM.attributes
                0x000008a0       0x34 c:/program files (x86)/gnu arm embedded toolchain/10 2021.10/bin/../lib/gcc/arm-none-eabi/10.3.1/../../../../arm-none-eabi/lib/thumb/v7e-m+fp/hard\libg_nano.a(lib_a-realloc.o)
 .ARM.attributes
                0x000008d4       0x34 c:/program files (x86)/gnu arm embedded toolchain/10 2021.10/bin/../lib/gcc/arm-none-eabi/10.3.1/../../../../arm-none-eabi/lib/thumb/v7e-m+fp/hard\libg_nano.a(lib_a-sbrkr.o)
 .ARM.attributes
                0x00000908       0x34 c:/program files (x86)/gnu arm embedded toolchain/10 2021.10/bin/../lib/gcc/arm-none-eabi/10.3.1/../../../../arm-none-eabi/lib/thumb/v7e-m+fp/hard\libg_nano.a(lib_a-sprintf.o)
 .ARM.attributes
                0x0000093c       0x1c c:/program files (x86)/gnu arm embedded toolchain/10 2021.10/bin/../lib/gcc/arm-none-eabi/10.3.1/../../../../arm-none-eabi/lib/thumb/v7e-m+fp/hard\libg_nano.a(lib_a-strcmp.o)
 .ARM.attributes
                0x00000958       0x17 c:/program files (x86)/gnu arm embedded toolchain/10 2021.10/bin/../lib/gcc/arm-none-eabi/10.3.1/../../../../arm-none-eabi/lib/thumb/v7e-m+fp/hard\libg_nano.a(lib_a-strlen.o)
 .ARM.attributes
                0x0000096f       0x34 c:/program files (x86)/gnu arm embedded toolchain/10 2021.10/bin/../lib/gcc/arm-none-eabi/10.3.1/../../../../arm-none-eabi/lib/thumb/v7e-m+fp/hard\libg_nano.a(lib_a-strncmp.o)
 .ARM.attributes
                0x000009a3       0x34 c:/program files (x86)/gnu arm embedded toolchain/10 2021.10/bin/../lib/gcc/arm-none-eabi/10.3.1/../../../../arm-none-eabi/lib/thumb/v7e-m+fp/hard\libg_nano.a(lib_a-strtod.o)
 .ARM.attributes
                0x000009d7       0x34 c:/program files (x86)/gnu arm embedded toolchain/10 2021.10/bin/../lib/gcc/arm-none-eabi/10.3.1/../../../../arm-none-eabi/lib/thumb/v7e-m+fp/hard\libg_nano.a(lib_a-vsnprintf.o)
 .ARM.attributes
                0x00000a0b       0x34 c:/program files (x86)/gnu arm embedded toolchain/10 2021.10/bin/../lib/gcc/arm-none-eabi/10.3.1/../../../../arm-none-eabi/lib/thumb/v7e-m+fp/hard\libg_nano.a(lib_a-gdtoa-gethex.o)
 .ARM.attributes
                0x00000a3f       0x34 c:/program files (x86)/gnu arm embedded toolchain/10 2021.10/bin/../lib/gcc/arm-none-eabi/10.3.1/../../../../arm-none-eabi/lib/thumb/v7e-m+fp/hard\libg_nano.a(lib_a-gdtoa-hexnan.o)
 .ARM.attributes
                0x00000a73       0x34 c:/program files (x86)/gnu arm embedded toolchain/10 2021.10/bin/../lib/gcc/arm-none-eabi/10.3.1/../../../../arm-none-eabi/lib/thumb/v7e-m+fp/hard\libg_nano.a(lib_a-lnumeric.o)
 .ARM.attributes
                0x00000aa7       0x34 c:/program files (x86)/gnu arm embedded toolchain/10 2021.10/bin/../lib/gcc/arm-none-eabi/10.3.1/../../../../arm-none-eabi/lib/thumb/v7e-m+fp/hard\libg_nano.a(lib_a-locale.o)
 .ARM.attributes
                0x00000adb       0x34 c:/program files (x86)/gnu arm embedded toolchain/10 2021.10/bin/../lib/gcc/arm-none-eabi/10.3.1/../../../../arm-none-eabi/lib/thumb/v7e-m+fp/hard\libg_nano.a(lib_a-mbtowc_r.o)
 .ARM.attributes
                0x00000b0f       0x34 c:/program files (x86)/gnu arm embedded toolchain/10 2021.10/bin/../lib/gcc/arm-none-eabi/10.3.1/../../../../arm-none-eabi/lib/thumb/v7e-m+fp/hard\libg_nano.a(lib_a-mlock.o)
 .ARM.attributes
                0x00000b43       0x34 c:/program files (x86)/gnu arm embedded toolchain/10 2021.10/bin/../lib/gcc/arm-none-eabi/10.3.1/../../../../arm-none-eabi/lib/thumb/v7e-m+fp/hard\libg_nano.a(lib_a-mprec.o)
 .ARM.attributes
                0x00000b77       0x34 c:/program files (x86)/gnu arm embedded toolchain/10 2021.10/bin/../lib/gcc/arm-none-eabi/10.3.1/../../../../arm-none-eabi/lib/thumb/v7e-m+fp/hard\libg_nano.a(lib_a-nano-callocr.o)
 .ARM.attributes
                0x00000bab       0x34 c:/program files (x86)/gnu arm embedded toolchain/10 2021.10/bin/../lib/gcc/arm-none-eabi/10.3.1/../../../../arm-none-eabi/lib/thumb/v7e-m+fp/hard\libg_nano.a(lib_a-nano-reallocr.o)
 .ARM.attributes
                0x00000bdf       0x34 c:/program files (x86)/gnu arm embedded toolchain/10 2021.10/bin/../lib/gcc/arm-none-eabi/10.3.1/../../../../arm-none-eabi/lib/thumb/v7e-m+fp/hard\libg_nano.a(lib_a-nano-svfprintf.o)
 .ARM.attributes
                0x00000c13       0x34 c:/program files (x86)/gnu arm embedded toolchain/10 2021.10/bin/../lib/gcc/arm-none-eabi/10.3.1/../../../../arm-none-eabi/lib/thumb/v7e-m+fp/hard\libg_nano.a(lib_a-nano-vfprintf_i.o)
 .ARM.attributes
                0x00000c47       0x34 c:/program files (x86)/gnu arm embedded toolchain/10 2021.10/bin/../lib/gcc/arm-none-eabi/10.3.1/../../../../arm-none-eabi/lib/thumb/v7e-m+fp/hard\libg_nano.a(lib_a-s_nan.o)
 .ARM.attributes
                0x00000c7b       0x34 c:/program files (x86)/gnu arm embedded toolchain/10 2021.10/bin/../lib/gcc/arm-none-eabi/10.3.1/../../../../arm-none-eabi/lib/thumb/v7e-m+fp/hard\libg_nano.a(lib_a-wctomb_r.o)
 .ARM.attributes
                0x00000caf       0x34 c:/program files (x86)/gnu arm embedded toolchain/10 2021.10/bin/../lib/gcc/arm-none-eabi/10.3.1/../../../../arm-none-eabi/lib/thumb/v7e-m+fp/hard\libg_nano.a(lib_a-findfp.o)
 .ARM.attributes
                0x00000ce3       0x34 c:/program files (x86)/gnu arm embedded toolchain/10 2021.10/bin/../lib/gcc/arm-none-eabi/10.3.1/../../../../arm-none-eabi/lib/thumb/v7e-m+fp/hard\libg_nano.a(lib_a-lock.o)
 .ARM.attributes
                0x00000d17       0x1c c:/program files (x86)/gnu arm embedded toolchain/10 2021.10/bin/../lib/gcc/arm-none-eabi/10.3.1/../../../../arm-none-eabi/lib/thumb/v7e-m+fp/hard\libg_nano.a(lib_a-memchr.o)
 .ARM.attributes
                0x00000d33       0x34 c:/program files (x86)/gnu arm embedded toolchain/10 2021.10/bin/../lib/gcc/arm-none-eabi/10.3.1/../../../../arm-none-eabi/lib/thumb/v7e-m+fp/hard\libg_nano.a(lib_a-memmove.o)
 .ARM.attributes
                0x00000d67       0x34 c:/program files (x86)/gnu arm embedded toolchain/10 2021.10/bin/../lib/gcc/arm-none-eabi/10.3.1/../../../../arm-none-eabi/lib/thumb/v7e-m+fp/hard\libg_nano.a(lib_a-nano-msizer.o)
 .ARM.attributes
                0x00000d9b       0x1e c:/program files (x86)/gnu arm embedded toolchain/10 2021.10/bin/../lib/gcc/arm-none-eabi/10.3.1/thumb/v7e-m+fp/hard\libgcc.a(_arm_muldivdf3.o)
 .ARM.attributes
                0x00000db9       0x1e c:/program files (x86)/gnu arm embedded toolchain/10 2021.10/bin/../lib/gcc/arm-none-eabi/10.3.1/thumb/v7e-m+fp/hard\libgcc.a(_arm_fixunsdfsi.o)
 .ARM.attributes
                0x00000dd7       0x34 c:/program files (x86)/gnu arm embedded toolchain/10 2021.10/bin/../lib/gcc/arm-none-eabi/10.3.1/thumb/v7e-m+fp/hard\libgcc.a(_fixdfdi.o)
 .ARM.attributes
                0x00000e0b       0x34 c:/program files (x86)/gnu arm embedded toolchain/10 2021.10/bin/../lib/gcc/arm-none-eabi/10.3.1/thumb/v7e-m+fp/hard\libgcc.a(_fixunsdfdi.o)

.debug
 *(.debug)

.line
 *(.line)

.debug_srcinfo
 *(.debug_srcinfo)

.debug_sfnames
 *(.debug_sfnames)

.debug_aranges  0x00000000      0xf98
 *(.debug_aranges)
 .debug_aranges
                0x00000000       0xf0 ./system/src/stm32f4-hal/stm32f4xx_hal.o
 .debug_aranges
                0x000000f0       0xa8 ./system/src/stm32f4-hal/stm32f4xx_hal_cortex.o
 .debug_aranges
                0x00000198       0x88 ./system/src/stm32f4-hal/stm32f4xx_hal_rcc.o
 .debug_aranges
                0x00000220       0x28 ./system/src/newlib/assert.o
 .debug_aranges
                0x00000248       0x28 ./system/src/newlib/exit.o
 .debug_aranges
                0x00000270       0x20 ./system/src/newlib/sbrk.o
 .debug_aranges
                0x00000290       0x40 ./system/src/newlib/startup.o
 .debug_aranges
                0x000002d0       0x30 ./system/src/newlib/syscalls.o
 .debug_aranges
                0x00000300       0x30 ./system/src/diag/trace-impl.o
 .debug_aranges
                0x00000330       0x38 ./system/src/diag/trace.o
 .debug_aranges
                0x00000368       0x90 ./system/src/cortexm/exception-handlers.o
 .debug_aranges
                0x000003f8       0x28 ./system/src/cortexm/initialize-hardware.o
 .debug_aranges
                0x00000420       0x28 ./system/src/cmsis/system_stm32f4xx.o
 .debug_aranges
                0x00000448       0x20 ./system/src/cmsis/vectors_stm32f401xc.o
 .debug_aranges
                0x00000468       0x58 ./src/MCAL/MUART/MUART_Prog.o
 .debug_aranges
                0x000004c0       0x70 ./src/MCAL/MGPIO/MGPIO_Prog.o
 .debug_aranges
                0x00000530       0x40 ./src/MCAL/MADC/MADC_Prog.o
 .debug_aranges
                0x00000570       0x30 ./src/HAL/RELAY/relay_prog.o
 .debug_aranges
                0x000005a0       0x38 ./src/HAL/LM35/LM35_Prog.o
 .debug_aranges
                0x000005d8       0x38 ./src/HAL/LIGHT_SENSOR/light_prog.o
 .debug_aranges
                0x00000610       0x30 ./src/initialize-hardware.o
 .debug_aranges
                0x00000640       0x50 ./src/main.o
 .debug_aranges
                0x00000690       0x38 ./src/stm32f4xx_hal_msp.o
 .debug_aranges
                0x000006c8      0x3a0 ./libs/cJSON/cJSON.o
 .debug_aranges
                0x00000a68       0x60 ./FreeRTOS/Source/portable/MemMang/heap_4.o
 .debug_aranges
                0x00000ac8       0x80 ./FreeRTOS/Source/portable/GCC/ARM_CM4F/port.o
 .debug_aranges
                0x00000b48       0x40 ./FreeRTOS/Source/list.o
 .debug_aranges
                0x00000b88      0x130 ./FreeRTOS/Source/queue.o
 .debug_aranges
                0x00000cb8      0x1f8 ./FreeRTOS/Source/tasks.o
 .debug_aranges
                0x00000eb0       0xe8 ./FreeRTOS/Source/timers.o

.debug_pubnames
 *(.debug_pubnames)

.debug_info     0x00000000    0x135dd
 *(.debug_info .gnu.linkonce.wi.*)
 .debug_info    0x00000000      0xa91 ./system/src/stm32f4-hal/stm32f4xx_hal.o
 .debug_info    0x00000a91     0x1361 ./system/src/stm32f4-hal/stm32f4xx_hal_cortex.o
 .debug_info    0x00001df2      0xe84 ./system/src/stm32f4-hal/stm32f4xx_hal_rcc.o
 .debug_info    0x00002c76      0x1d5 ./system/src/newlib/assert.o
 .debug_info    0x00002e4b      0x103 ./system/src/newlib/exit.o
 .debug_info    0x00002f4e      0x121 ./system/src/newlib/sbrk.o
 .debug_info    0x0000306f      0x5ae ./system/src/newlib/startup.o
 .debug_info    0x0000361d      0x1eb ./system/src/newlib/syscalls.o
 .debug_info    0x00003808      0x332 ./system/src/diag/trace-impl.o
 .debug_info    0x00003b3a      0x32c ./system/src/diag/trace.o
 .debug_info    0x00003e66      0xa0a ./system/src/cortexm/exception-handlers.o
 .debug_info    0x00004870      0x2f2 ./system/src/cortexm/initialize-hardware.o
 .debug_info    0x00004b62      0x5d1 ./system/src/cmsis/system_stm32f4xx.o
 .debug_info    0x00005133       0xda ./system/src/cmsis/vectors_stm32f401xc.o
 .debug_info    0x0000520d      0x3b9 ./src/MCAL/MUART/MUART_Prog.o
 .debug_info    0x000055c6      0x502 ./src/MCAL/MGPIO/MGPIO_Prog.o
 .debug_info    0x00005ac8      0x2ea ./src/MCAL/MADC/MADC_Prog.o
 .debug_info    0x00005db2      0x136 ./src/HAL/RELAY/relay_prog.o
 .debug_info    0x00005ee8      0x20a ./src/HAL/LM35/LM35_Prog.o
 .debug_info    0x000060f2      0x20a ./src/HAL/LIGHT_SENSOR/light_prog.o
 .debug_info    0x000062fc      0x640 ./src/initialize-hardware.o
 .debug_info    0x0000693c      0xc5f ./src/main.o
 .debug_info    0x0000759b       0xd3 ./src/stm32f4xx_hal_msp.o
 .debug_info    0x0000766e     0x4439 ./libs/cJSON/cJSON.o
 .debug_info    0x0000baa7      0x6a4 ./FreeRTOS/Source/portable/MemMang/heap_4.o
 .debug_info    0x0000c14b      0x5af ./FreeRTOS/Source/portable/GCC/ARM_CM4F/port.o
 .debug_info    0x0000c6fa      0x307 ./FreeRTOS/Source/list.o
 .debug_info    0x0000ca01     0x2525 ./FreeRTOS/Source/queue.o
 .debug_info    0x0000ef26     0x3326 ./FreeRTOS/Source/tasks.o
 .debug_info    0x0001224c     0x1391 ./FreeRTOS/Source/timers.o

.debug_abbrev   0x00000000     0x34fd
 *(.debug_abbrev)
 .debug_abbrev  0x00000000      0x23d ./system/src/stm32f4-hal/stm32f4xx_hal.o
 .debug_abbrev  0x0000023d      0x3c1 ./system/src/stm32f4-hal/stm32f4xx_hal_cortex.o
 .debug_abbrev  0x000005fe      0x2c1 ./system/src/stm32f4-hal/stm32f4xx_hal_rcc.o
 .debug_abbrev  0x000008bf       0xb9 ./system/src/newlib/assert.o
 .debug_abbrev  0x00000978       0xb9 ./system/src/newlib/exit.o
 .debug_abbrev  0x00000a31       0xd0 ./system/src/newlib/sbrk.o
 .debug_abbrev  0x00000b01      0x1fd ./system/src/newlib/startup.o
 .debug_abbrev  0x00000cfe      0x111 ./system/src/newlib/syscalls.o
 .debug_abbrev  0x00000e0f      0x1ed ./system/src/diag/trace-impl.o
 .debug_abbrev  0x00000ffc      0x177 ./system/src/diag/trace.o
 .debug_abbrev  0x00001173      0x26a ./system/src/cortexm/exception-handlers.o
 .debug_abbrev  0x000013dd       0xec ./system/src/cortexm/initialize-hardware.o
 .debug_abbrev  0x000014c9      0x11e ./system/src/cmsis/system_stm32f4xx.o
 .debug_abbrev  0x000015e7       0xa7 ./system/src/cmsis/vectors_stm32f401xc.o
 .debug_abbrev  0x0000168e      0x1a4 ./src/MCAL/MUART/MUART_Prog.o
 .debug_abbrev  0x00001832      0x1be ./src/MCAL/MGPIO/MGPIO_Prog.o
 .debug_abbrev  0x000019f0       0xfa ./src/MCAL/MADC/MADC_Prog.o
 .debug_abbrev  0x00001aea       0x76 ./src/HAL/RELAY/relay_prog.o
 .debug_abbrev  0x00001b60       0xee ./src/HAL/LM35/LM35_Prog.o
 .debug_abbrev  0x00001c4e       0xee ./src/HAL/LIGHT_SENSOR/light_prog.o
 .debug_abbrev  0x00001d3c      0x174 ./src/initialize-hardware.o
 .debug_abbrev  0x00001eb0      0x1de ./src/main.o
 .debug_abbrev  0x0000208e       0x49 ./src/stm32f4xx_hal_msp.o
 .debug_abbrev  0x000020d7      0x468 ./libs/cJSON/cJSON.o
 .debug_abbrev  0x0000253f      0x295 ./FreeRTOS/Source/portable/MemMang/heap_4.o
 .debug_abbrev  0x000027d4      0x28d ./FreeRTOS/Source/portable/GCC/ARM_CM4F/port.o
 .debug_abbrev  0x00002a61      0x127 ./FreeRTOS/Source/list.o
 .debug_abbrev  0x00002b88      0x323 ./FreeRTOS/Source/queue.o
 .debug_abbrev  0x00002eab      0x380 ./FreeRTOS/Source/tasks.o
 .debug_abbrev  0x0000322b      0x2d2 ./FreeRTOS/Source/timers.o

.debug_line     0x00000000    0x15014
 *(.debug_line)